Component: ARM Compiler 5.06 update 4 (build 422) Tool: armlink [4d35d2]

==============================================================================

Section Cross References

    startup_lpc177x_8x.o(RESET) refers to startup_lpc177x_8x.o(STACK) for __initial_sp
    startup_lpc177x_8x.o(RESET) refers to startup_lpc177x_8x.o(.text) for Reset_Handler
    startup_lpc177x_8x.o(RESET) refers to os_cpu_a.o(UCOSII_ASM) for OSPendSV
    startup_lpc177x_8x.o(RESET) refers to os_cpu_c.o(i.tickISRHandler) for tickISRHandler
    startup_lpc177x_8x.o(RESET) refers to timer.o(i.TIMER0_IRQHandler) for TIMER0_IRQHandler
    startup_lpc177x_8x.o(RESET) refers to uart.o(i.UART0_IRQHandler) for UART0_IRQHandler
    startup_lpc177x_8x.o(RESET) refers to uart.o(i.UART1_IRQHandler) for UART1_IRQHandler
    startup_lpc177x_8x.o(RESET) refers to uart.o(i.UART2_IRQHandler) for UART2_IRQHandler
    startup_lpc177x_8x.o(RESET) refers to uart.o(i.UART3_IRQHandler) for UART3_IRQHandler
    startup_lpc177x_8x.o(RESET) refers to rtc.o(i.RTC_IRQHandler) for RTC_IRQHandler
    startup_lpc177x_8x.o(RESET) refers to can.o(i.CAN_IRQHandler) for CAN_IRQHandler
    startup_lpc177x_8x.o(RESET) refers to uart.o(i.UART4_IRQHandler) for UART4_IRQHandler
    startup_lpc177x_8x.o(.text) refers to system_lpc177x_8x.o(i.SystemInit) for SystemInit
    startup_lpc177x_8x.o(.text) refers to entry.o(.ARM.Collect$$$$00000000) for __main
    system_lpc177x_8x.o(i.SystemCoreClockUpdate) refers to system_lpc177x_8x.o(.data) for SystemCoreClock
    lpc177x_8x_clkpwr.o(i.CLKPWR_GetCLK) refers to system_lpc177x_8x.o(.data) for SystemCoreClock
    lpc177x_8x_clkpwr.o(i.CLKPWR_SetCLKDiv) refers to system_lpc177x_8x.o(i.SystemCoreClockUpdate) for SystemCoreClockUpdate
    lpc177x_8x_systick.o(i.SYSTICK_ExternalInit) refers to ffltui.o(.text) for __aeabi_ui2f
    lpc177x_8x_systick.o(i.SYSTICK_ExternalInit) refers to cfrcmple.o(.text) for __aeabi_cfrcmple
    lpc177x_8x_systick.o(i.SYSTICK_InternalInit) refers to lpc177x_8x_clkpwr.o(i.CLKPWR_GetCLK) for CLKPWR_GetCLK
    lpc177x_8x_systick.o(i.SYSTICK_InternalInit) refers to ffltui.o(.text) for __aeabi_ui2f
    lpc177x_8x_systick.o(i.SYSTICK_InternalInit) refers to cfrcmple.o(.text) for __aeabi_cfrcmple
    lpc177x_8x_gpio.o(i.FIO_ClearValue) refers to lpc177x_8x_gpio.o(i.GPIO_ClearValue) for GPIO_ClearValue
    lpc177x_8x_gpio.o(i.FIO_HalfWordClearValue) refers to lpc177x_8x_gpio.o(i.FIO_HalfWordGetPointer) for FIO_HalfWordGetPointer
    lpc177x_8x_gpio.o(i.FIO_HalfWordReadValue) refers to lpc177x_8x_gpio.o(i.FIO_HalfWordGetPointer) for FIO_HalfWordGetPointer
    lpc177x_8x_gpio.o(i.FIO_HalfWordSetDir) refers to lpc177x_8x_gpio.o(i.FIO_HalfWordGetPointer) for FIO_HalfWordGetPointer
    lpc177x_8x_gpio.o(i.FIO_HalfWordSetMask) refers to lpc177x_8x_gpio.o(i.FIO_HalfWordGetPointer) for FIO_HalfWordGetPointer
    lpc177x_8x_gpio.o(i.FIO_HalfWordSetValue) refers to lpc177x_8x_gpio.o(i.FIO_HalfWordGetPointer) for FIO_HalfWordGetPointer
    lpc177x_8x_gpio.o(i.FIO_IntCmd) refers to lpc177x_8x_gpio.o(i.GPIO_IntCmd) for GPIO_IntCmd
    lpc177x_8x_gpio.o(i.FIO_ReadValue) refers to lpc177x_8x_gpio.o(i.GPIO_ReadValue) for GPIO_ReadValue
    lpc177x_8x_gpio.o(i.FIO_SetDir) refers to lpc177x_8x_gpio.o(i.GPIO_SetDir) for GPIO_SetDir
    lpc177x_8x_gpio.o(i.FIO_SetMask) refers to lpc177x_8x_gpio.o(i.GPIO_GetPointer) for GPIO_GetPointer
    lpc177x_8x_gpio.o(i.FIO_SetValue) refers to lpc177x_8x_gpio.o(i.GPIO_SetValue) for GPIO_SetValue
    lpc177x_8x_gpio.o(i.GPIO_ClearValue) refers to lpc177x_8x_gpio.o(i.GPIO_GetPointer) for GPIO_GetPointer
    lpc177x_8x_gpio.o(i.GPIO_OutputValue) refers to lpc177x_8x_gpio.o(i.GPIO_ClearValue) for GPIO_ClearValue
    lpc177x_8x_gpio.o(i.GPIO_OutputValue) refers to lpc177x_8x_gpio.o(i.GPIO_SetValue) for GPIO_SetValue
    lpc177x_8x_gpio.o(i.GPIO_ReadValue) refers to lpc177x_8x_gpio.o(i.GPIO_GetPointer) for GPIO_GetPointer
    lpc177x_8x_gpio.o(i.GPIO_SetDir) refers to lpc177x_8x_gpio.o(i.GPIO_GetPointer) for GPIO_GetPointer
    lpc177x_8x_gpio.o(i.GPIO_SetValue) refers to lpc177x_8x_gpio.o(i.GPIO_GetPointer) for GPIO_GetPointer
    os_cpu_a.o(UCOSII_ASM) refers to os_cpu_c.o(.data) for OsEnterSum
    os_cpu_a.o(UCOSII_ASM) refers to os_core.o(.data) for OSRunning
    os_cpu_a.o(UCOSII_ASM) refers to os_cpu_c.o(i.OSTaskSwHook) for OSTaskSwHook
    os_cpu_c.o(i.OSInitHookBegin) refers to os_cpu_c.o(.data) for OSTmrCtr
    os_cpu_c.o(i.OSTimeTickHook) refers to os_tmr.o(i.OSTmrSignal) for OSTmrSignal
    os_cpu_c.o(i.OSTimeTickHook) refers to os_cpu_c.o(.data) for OSTmrCtr
    os_cpu_c.o(i.tickISRHandler) refers to os_cpu_a.o(UCOSII_ASM) for OS_ENTER_CRITICAL
    os_cpu_c.o(i.tickISRHandler) refers to os_core.o(i.OSTimeTick) for OSTimeTick
    os_cpu_c.o(i.tickISRHandler) refers to os_core.o(i.OSIntExit) for OSIntExit
    os_cpu_c.o(i.tickISRHandler) refers to os_core.o(.data) for OSIntNesting
    os_cpu_c.o(i.tick_init) refers to lpc177x_8x_clkpwr.o(i.CLKPWR_GetCLK) for CLKPWR_GetCLK
[...]
    i.SSP2_Init                              0x0000478c   Section        0  ssp.o(i.SSP2_Init)
    i.SSP2_ReadData                          0x0000481c   Section        0  ssp.o(i.SSP2_ReadData)
    i.SSP2_SendData                          0x0000486c   Section        0  ssp.o(i.SSP2_SendData)
    i.SendDataHandle                         0x00004894   Section        0  welink.o(i.SendDataHandle)
    i.SocketConnect                          0x000048fc   Section        0  ethernet.o(i.SocketConnect)
    i.Socketn_Config                         0x00004944   Section        0  ethernet.o(i.Socketn_Config)
    i.SysLinkParaInit                        0x0000499c   Section        0  ethernet.o(i.SysLinkParaInit)
    i.SystemInit                             0x00004a90   Section        0  system_lpc177x_8x.o(i.SystemInit)
    i.SystemParameterInit                    0x00004b5c   Section        0  main.o(i.SystemParameterInit)
    SystemParameterInit                      0x00004b5d   Thumb Code    38  main.o(i.SystemParameterInit)
    i.TIMER0_IRQHandler                      0x00004b90   Section        0  timer.o(i.TIMER0_IRQHandler)
    i.Timer0Init                             0x00004be8   Section        0  timer.o(i.Timer0Init)
    i.UART0Init                              0x00004c64   Section        0  uart.o(i.UART0Init)
    i.UART0RxbufClear                        0x00004ce4   Section        0  uart.o(i.UART0RxbufClear)
    i.UART0SendByte                          0x00004d14   Section        0  uart.o(i.UART0SendByte)
    i.UART0_IRQHandler                       0x00004d2c   Section        0  uart.o(i.UART0_IRQHandler)
    i.UART1Init                              0x00004e68   Section        0  uart.o(i.UART1Init)
    i.UART1RxbufClear                        0x00004efc   Section        0  uart.o(i.UART1RxbufClear)
    i.UART1SendByte                          0x00004f2c   Section        0  uart.o(i.UART1SendByte)
    i.UART1SendStr                           0x00004f44   Section        0  uart.o(i.UART1SendStr)
    i.UART1_IRQHandler                       0x00004f60   Section        0  uart.o(i.UART1_IRQHandler)
    i.UART2Init                              0x0000509c   Section        0  uart.o(i.UART2Init)
    i.UART2RxbufClear                        0x0000513c   Section        0  uart.o(i.UART2RxbufClear)
    i.UART2SendByte                          0x0000516c   Section        0  uart.o(i.UART2SendByte)
    i.UART2SendStr                           0x00005184   Section        0  uart.o(i.UART2SendStr)
    i.UART2_IRQHandler                       0x000051ec   Section        0  uart.o(i.UART2_IRQHandler)
    i.UART3Init                              0x00005328   Section        0  uart.o(i.UART3Init)
    i.UART3RxbufClear                        0x000053bc   Section        0  uart.o(i.UART3RxbufClear)
    i.UART3_IRQHandler                       0x000053ec   Section        0  uart.o(i.UART3_IRQHandler)
    i.UART4Init                              0x00005528   Section        0  uart.o(i.UART4Init)
    i.UART4RxbufClear                        0x000055bc   Section        0  uart.o(i.UART4RxbufClear)
    i.UART4_IRQHandler                       0x000055ec   Section        0  uart.o(i.UART4_IRQHandler)
    i.UpstreamCmdHandle                      0x00005730   Section        0  welink.o(i.UpstreamCmdHandle)
    i.W5500Init                              0x000058f0   Section        0  ethernet.o(i.W5500Init)
    i.W5500LoadParameters                    0x00005a4c   Section        0  ethernet.o(i.W5500LoadParameters)
    i.W5500SocketRXD                         0x00005b20   Section        0  ethernet.o(i.W5500SocketRXD)
    i.W5500_Initialization                   0x00005bc8   Section        0  ethernet.o(i.W5500_Initialization)
    i.WelinkMain                             0x00005bf4   Section        0  welink.o(i.WelinkMain)
    i.WriteCAN0                              0x00005c2c   Section        0  can.o(i.WriteCAN0)
    i.WriteSocketDataToBuffer                0x00005c98   Section        0  ethernet.o(i.WriteSocketDataToBuffer)
    i.WriteSocket_1Byte                      0x00005dbc   Section        0  ethernet.o(i.WriteSocket_1Byte)
    i.WriteSocket_2Byte                      0x00005e28   Section        0  ethernet.o(i.WriteSocket_2Byte)
    i.WriteSocket_4Byte                      0x00005e9c   Section        0  ethernet.o(i.WriteSocket_4Byte)
    i.Write_W5500                            0x00005f20   Section        0  ethernet.o(i.Write_W5500)
    i.__scatterload_copy                     0x00005f94   Section       14  handlers.o(i.__scatterload_copy)
    i.__scatterload_null                     0x00005fa2   Section        2  handlers.o(i.__scatterload_null)
    i.__scatterload_zeroinit                 0x00005fa4   Section       14  handlers.o(i.__scatterload_zeroinit)
    i.cmd_02_upload                          0x00005fb2   Section        0  link .o(i.cmd_02_upload)
    i.cmd_04_upload                          0x00005fb8   Section        0  link .o(i.cmd_04_upload)
    i.cmd_06_upload                          0x00005fc0   Section        0  link .o(i.cmd_06_upload)
    i.cmd_08_upload                          0x00006018   Section        0  link .o(i.cmd_08_upload)
    i.cmd_101_proess                         0x00006068   Section        0  link .o(i.cmd_101_proess)
    i.cmd_102_upload                         0x00006078   Section        0  link .o(i.cmd_102_upload)
    i.cmd_103_proess                         0x000060e4   Section        0  link .o(i.cmd_103_proess)
    i.cmd_104_upload                         0x000060f8   Section        0  link .o(i.cmd_104_upload)
    i.cmd_105_proess                         0x000062ec   Section        0  link .o(i.cmd_105_proess)
    i.cmd_106_upload                         0x00006310   Section        0  link .o(i.cmd_106_upload)
    i.cmd_107_proess                         0x00006524   Section        0  link .o(i.cmd_107_proess)
    i.cmd_108_upload                         0x00006526   Section        0  link .o(i.cmd_108_upload)
    i.cmd_109_proess                         0x0000652c   Section        0  link .o(i.cmd_109_proess)
    i.cmd_10_upload                          0x0000652e   Section        0  link .o(i.cmd_10_upload)
    i.cmd_110_upload                         0x00006534   Section        0  link .o(i.cmd_110_upload)
    i.cmd_1_proess                           0x0000653a   Section        0  link .o(i.cmd_1_proess)
    i.cmd_201_proess                         0x0000653c   Section        0  link .o(i.cmd_201_proess)
    i.cmd_202_upload                         0x00006540   Section        0  link .o(i.cmd_202_upload)
    i.cmd_203_proess                         0x000066e8   Section        0  link .o(i.cmd_203_proess)
    i.cmd_204_upload                         0x000066ea   Section        0  link .o(i.cmd_204_upload)
    i.cmd_205_proess                         0x000066f0   Section        0  link .o(i.cmd_205_proess)
    i.cmd_206_upload                         0x000066f2   Section        0  link .o(i.cmd_206_upload)
    i.cmd_3_proess                           0x000066f8   Section        0  link .o(i.cmd_3_proess)
    i.cmd_3_query_2_proess                   0x0000678a   Section        0  link .o(i.cmd_3_query_2_proess)
    i.cmd_3_setup_2_proess                   0x0000678c   Section        0  link .o(i.cmd_3_setup_2_proess)
    i.cmd_5_proess                           0x0000678e   Section        0  link .o(i.cmd_5_proess)
    i.cmd_7_proess                           0x00006790   Section        0  link .o(i.cmd_7_proess)
    i.cmd_9_proess                           0x00006792   Section        0  link .o(i.cmd_9_proess)
    i.free                                   0x00006794   Section        0  malloc.o(i.free)
    i.main                                   0x000067e4   Section        0  main.o(i.main)
    i.malloc                                 0x00006854   Section        0  malloc.o(i.malloc)
    i.taskBMS                                0x000068c0   Section        0  main.o(i.taskBMS)
    taskBMS                                  0x000068c1   Thumb Code    42  main.o(i.taskBMS)
    i.taskDisplay                            0x000068f4   Section        0  main.o(i.taskDisplay)
    taskDisplay                              0x000068f5   Thumb Code    20  main.o(i.taskDisplay)
    i.taskMeter                              0x00006908   Section        0  main.o(i.taskMeter)
    taskMeter                                0x00006909   Thumb Code    20  main.o(i.taskMeter)
    i.taskStart                              0x0000691c   Section        0  main.o(i.taskStart)
    taskStart                                0x0000691d   Thumb Code    66  main.o(i.taskStart)
    i.taskWelink                             0x00006980   Section        0  main.o(i.taskWelink)
    taskWelink                               0x00006981   Thumb Code    10  main.o(i.taskWelink)
    i.tickISRHandler                         0x0000698c   Section        0  os_cpu_c.o(i.tickISRHandler)
    i.tick_init                              0x000069b0   Section        0  os_cpu_c.o(i.tick_init)
    .constdata                               0x00006a14   Section      256  os_core.o(.constdata)
    .constdata                               0x00006b14   Section      116  os_dbg_r.o(.constdata)
    .constdata                               0x00006b88   Section       12  meter.o(.constdata)
    .data                                    0x10000000   Section       16  system_lpc177x_8x.o(.data)
    .data                                    0x10000010   Section        6  os_cpu_c.o(.data)
    OSTmrCtr                                 0x10000014   Data           2  os_cpu_c.o(.data)
    .data                                    0x10000018   Section       96  os_core.o(.data)
    .data                                    0x10000078   Section        4  main.o(.data)
    .data                                    0x1000007c   Section        8  bms.o(.data)
    .data                                    0x10000084   Section      107  display.o(.data)
    .data                                    0x100000f0   Section        2  meter.o(.data)
    .data                                    0x100000f4   Section       68  ethernet.o(.data)
    i                                        0x10000134   Data           4  ethernet.o(.data)
    .data                                    0x10000138   Section        2  link .o(.data)
    HeartBeatCnt                             0x10000138   Data           2  link .o(.data)
    .data                                    0x1000013c   Section       22  welink.o(.data)
    NoReport                                 0x1000013d   Data           1  welink.o(.data)
    i                                        0x10000150   Data           2  welink.o(.data)
    .data                                    0x10000154   Section       77  uart.o(.data)
    .data                                    0x100001a4   Section       20  can.o(.data)
    .data                                    0x100001b8   Section       37  rtc.o(.data)
    tmp                                      0x100001dc   Data           1  rtc.o(.data)
    .data                                    0x100001dd   Section        1  timer.o(.data)
    WDTCnt                                   0x100001dd   Data           1  timer.o(.data)
    .data                                    0x100001e0   Section        4  rand.o(.data)
    _rand_state                              0x100001e0   Data           4  rand.o(.data)
    .data                                    0x100001e4   Section        4  mvars.o(.data)
    .data                                    0x100001e8   Section        4  mvars.o(.data)
    .bss                                     0x100001ec   Section     4968  os_core.o(.bss)
    .bss                                     0x10001554   Section    10016  main.o(.bss)
    GstkStart                                0x10001554   Data         400  main.o(.bss)
    GstkDISPLAY                              0x100016e4   Data        2000  main.o(.bss)
    GstkMETER                                0x10001eb4   Data        1200  main.o(.bss)
    GstkBMS                                  0x10002364   Data        2400  main.o(.bss)
    GstkWelink                               0x10002cc4   Data        4000  main.o(.bss)
    .bss                                     0x10003c74   Section       44  bms.o(.bss)
    .bss                                     0x10003ca0   Section      116  display.o(.bss)
    .bss                                     0x10003d14   Section     1072  meter.o(.bss)
    .bss                                     0x10004144   Section      512  ethernet.o(.bss)
    .bss                                     0x10004344   Section      640  welink.o(.bss)
    .bss                                     0x100045c4   Section    10240  uart.o(.bss)
    .bss                                     0x10006dc4   Section      128  can.o(.bss)
    HEAP                                     0x10006e48   Section        0  startup_lpc177x_8x.o(HEAP)
    STACK                                    0x10006e48   Section      512  startup_lpc177x_8x.o(STACK)

    Global Symbols

    Symbol Name                              Value     Ov Type        Size  Object(Section)

    BuildAttributes$$THM_ISAv4$P$D$K$B$S$PE$A:L22UL41UL21$X:L11$S22US41US21$IEEE1$IW$USESV6$~STKCKD$USESV7$~SHL$OTIME$ROPI$EBA8$MICROLIB$REQ8$PRES8$EABIv2 0x00000000   Number         0  anon$$obj.o ABSOLUTE
    __ARM_use_no_argv                        0x00000000   Number         0  main.o ABSOLUTE
    __Vectors                                0x00000000   Data           4  startup_lpc177x_8x.o(RESET)
    __cpp_initialize__aeabi_                  - Undefined Weak Reference
    __cxa_finalize                            - Undefined Weak Reference
    _clock_init                               - Undefined Weak Reference
    _microlib_exit                            - Undefined Weak Reference
    __main                                   0x000000e5   Thumb Code     0  entry.o(.ARM.Collect$$$$00000000)
    _main_stk                                0x000000e5   Thumb Code     0  entry2.o(.ARM.Collect$$$$00000001)
    _main_scatterload                        0x000000e9   Thumb Code     0  entry5.o(.ARM.Collect$$$$00000004)
    __main_after_scatterload                 0x000000ed   Thumb Code     0  entry5.o(.ARM.Collect$$$$00000004)
    _main_clock                              0x000000ed   Thumb Code     0  entry7b.o(.ARM.Collect$$$$00000008)
    _main_cpp_init                           0x000000ed   Thumb Code     0  entry8b.o(.ARM.Collect$$$$0000000A)
    _main_init                               0x000000ed   Thumb Code     0  entry9a.o(.ARM.Collect$$$$0000000B)
    __rt_final_cpp                           0x000000f5   Thumb Code     0  entry10a.o(.ARM.Collect$$$$0000000D)
    __rt_final_exit                          0x000000f5   Thumb Code     0  entry11a.o(.ARM.Collect$$$$0000000F)
    Reset_Handler                            0x000000f9   Thumb Code     8  startup_lpc177x_8x.o(.text)
    NMI_Handler                              0x00000101   Thumb Code     2  startup_lpc177x_8x.o(.text)
    HardFault_Handler                        0x00000103   Thumb Code     2  startup_lpc177x_8x.o(.text)
    MemManage_Handler                        0x00000105   Thumb Code     2  startup_lpc177x_8x.o(.text)
    BusFault_Handler                         0x00000107   Thumb Code     2  startup_lpc177x_8x.o(.text)
    UsageFault_Handler                       0x00000109   Thumb Code     2  startup_lpc177x_8x.o(.text)
    SVC_Handler                              0x0000010b   Thumb Code     2  startup_lpc177x_8x.o(.text)
    DebugMon_Handler                         0x0000010d   Thumb Code     2  startup_lpc177x_8x.o(.text)
    ADC_IRQHandler                           0x0000010f   Thumb Code     0  startup_lpc177x_8x.o(.text)
    BOD_IRQHandler                           0x0000010f   Thumb Code     0  startup_lpc177x_8x.o(.text)
    CANActivity_IRQHandler                   0x0000010f   Thumb Code     0  startup_lpc177x_8x.o(.text)
    DMA_IRQHandler                           0x0000010f   Thumb Code     0  startup_lpc177x_8x.o(.text)
    EEPROM_IRQHandler                        0x0000010f   Thumb Code     0  startup_lpc177x_8x.o(.text)
    EINT0_IRQHandler                         0x0000010f   Thumb Code     0  startup_lpc177x_8x.o(.text)
    EINT1_IRQHandler                         0x0000010f   Thumb Code     0  startup_lpc177x_8x.o(.text)
    EINT2_IRQHandler                         0x0000010f   Thumb Code     0  startup_lpc177x_8x.o(.text)
    EINT3_IRQHandler                         0x0000010f   Thumb Code     0  startup_lpc177x_8x.o(.text)
    ENET_IRQHandler                          0x0000010f   Thumb Code     0  startup_lpc177x_8x.o(.text)
    GPIO_IRQHandler                          0x0000010f   Thumb Code     0  startup_lpc177x_8x.o(.text)
    I2C0_IRQHandler                          0x0000010f   Thumb Code     0  startup_lpc177x_8x.o(.text)
    I2C1_IRQHandler                          0x0000010f   Thumb Code     0  startup_lpc177x_8x.o(.text)
    I2C2_IRQHandler                          0x0000010f   Thumb Code     0  startup_lpc177x_8x.o(.text)
    I2S_IRQHandler                           0x0000010f   Thumb Code     0  startup_lpc177x_8x.o(.text)
    LCD_IRQHandler                           0x0000010f   Thumb Code     0  startup_lpc177x_8x.o(.text)
    MCI_IRQHandler                           0x0000010f   Thumb Code     0  startup_lpc177x_8x.o(.text)
    MCPWM_IRQHandler                         0x0000010f   Thumb Code     0  startup_lpc177x_8x.o(.text)
    PLL0_IRQHandler                          0x0000010f   Thumb Code     0  startup_lpc177x_8x.o(.text)
    PLL1_IRQHandler                          0x0000010f   Thumb Code     0  startup_lpc177x_8x.o(.text)
    PWM0_IRQHandler                          0x0000010f   Thumb Code     0  startup_lpc177x_8x.o(.text)
    PWM1_IRQHandler                          0x0000010f   Thumb Code     0  startup_lpc177x_8x.o(.text)
    QEI_IRQHandler                           0x0000010f   Thumb Code     0  startup_lpc177x_8x.o(.text)
    SPIFI_IRQHandler                         0x0000010f   Thumb Code     0  startup_lpc177x_8x.o(.text)
    SSP0_IRQHandler                          0x0000010f   Thumb Code     0  startup_lpc177x_8x.o(.text)
    SSP1_IRQHandler                          0x0000010f   Thumb Code     0  startup_lpc177x_8x.o(.text)
    SSP2_IRQHandler                          0x0000010f   Thumb Code     0  startup_lpc177x_8x.o(.text)
    TIMER1_IRQHandler                        0x0000010f   Thumb Code     0  startup_lpc177x_8x.o(.text)
    TIMER2_IRQHandler                        0x0000010f   Thumb Code     0  startup_lpc177x_8x.o(.text)
    TIMER3_IRQHandler                        0x0000010f   Thumb Code     0  startup_lpc177x_8x.o(.text)
    USBActivity_IRQHandler                   0x0000010f   Thumb Code     0  startup_lpc177x_8x.o(.text)
    USB_IRQHandler                           0x0000010f   Thumb Code     0  startup_lpc177x_8x.o(.text)
    WDT_IRQHandler                           0x0000010f   Thumb Code     0  startup_lpc177x_8x.o(.text)
    rand                                     0x00000119   Thumb Code    20  rand.o(.text)
    srand                                    0x0000012d   Thumb Code     6  rand.o(.text)
    __aeabi_memcpy                           0x0000013d   Thumb Code    36  memcpya.o(.text)
    __aeabi_memcpy4                          0x0000013d   Thumb Code     0  memcpya.o(.text)
    __aeabi_memcpy8                          0x0000013d   Thumb Code     0  memcpya.o(.text)
    __aeabi_memset                           0x00000161   Thumb Code    14  memseta.o(.text)
    __aeabi_memset4                          0x00000161   Thumb Code     0  memseta.o(.text)
    __aeabi_memset8                          0x00000161   Thumb Code     0  memseta.o(.text)
    __aeabi_memclr                           0x0000016f   Thumb Code     4  memseta.o(.text)
    __aeabi_memclr4                          0x0000016f   Thumb Code     0  memseta.o(.text)
    __aeabi_memclr8                          0x0000016f   Thumb Code     0  memseta.o(.text)
    _memset$wrapper                          0x00000173   Thumb Code    18  memseta.o(.text)
    __aeabi_dadd                             0x00000185   Thumb Code   322  dadd.o(.text)
    __aeabi_dsub                             0x000002c7   Thumb Code     6  dadd.o(.text)
    __aeabi_drsub                            0x000002cd   Thumb Code     6  dadd.o(.text)
    __aeabi_i2d                              0x000002d3   Thumb Code    34  dflti.o(.text)
    CCS_Analyse                              0x000002f5   Thumb Code     2  bms.o(i.CCS_Analyse)
    __I$use$fp                               0x000002f5   Thumb Code     0  iusefp.o(.text)
    CTS_Analyse                              0x000002f7   Thumb Code     2  bms.o(i.CTS_Analyse)
    OSInitHookEnd                            0x000002f9   Thumb Code     2  os_cpu_c.o(i.OSInitHookEnd)
    OSTCBInitHook                            0x000002fb   Thumb Code     2  os_cpu_c.o(i.OSTCBInitHook)
    __aeabi_dmul                             0x00000301   Thumb Code   228  dmul.o(.text)
    __aeabi_d2iz                             0x000003e5   Thumb Code    62  dfixi.o(.text)
    __aeabi_llsl                             0x00000423   Thumb Code    30  llshl.o(.text)
    _ll_shift_l                              0x00000423   Thumb Code     0  llshl.o(.text)
    __aeabi_llsr                             0x00000441   Thumb Code    32  llushr.o(.text)
    _ll_ushift_r                             0x00000441   Thumb Code     0  llushr.o(.text)
    __aeabi_lasr                             0x00000461   Thumb Code    36  llsshr.o(.text)
    _ll_sshift_r                             0x00000461   Thumb Code     0  llsshr.o(.text)
    _double_round                            0x00000485   Thumb Code    30  depilogue.o(.text)
    _double_epilogue                         0x000004a3   Thumb Code   156  depilogue.o(.text)
    __scatterload                            0x00000541   Thumb Code    28  init.o(.text)
    __scatterload_rt2                        0x00000541   Thumb Code     0  init.o(.text)
    __decompress                             0x00000565   Thumb Code     0  __dczerorl2.o(.text)
    __decompress1                            0x00000565   Thumb Code    86  __dczerorl2.o(.text)
    OS_ENTER_CRITICAL                        0x000005bd   Thumb Code     0  os_cpu_a.o(UCOSII_ASM)
    OS_EXIT_CRITICAL                         0x000005cf   Thumb Code     0  os_cpu_a.o(UCOSII_ASM)
    OSStartHighRdy                           0x000005eb   Thumb Code     0  os_cpu_a.o(UCOSII_ASM)
    OSCtxSw                                  0x0000060d   Thumb Code     0  os_cpu_a.o(UCOSII_ASM)
    OSIntCtxSw                               0x0000061b   Thumb Code     0  os_cpu_a.o(UCOSII_ASM)
    OSPendSV                                 0x0000062b   Thumb Code     0  os_cpu_a.o(UCOSII_ASM)
    intDisAll                                0x00000679   Thumb Code     0  os_cpu_a.o(UCOSII_ASM)
    ASCII_To_HEX                             0x000006a5   Thumb Code   248  calculator.o(i.ASCII_To_HEX)
    AscToHexStr                              0x0000079d   Thumb Code    42  calculator.o(i.AscToHexStr)
    BCD_To_HEX                               0x000007c7   Thumb Code    40  calculator.o(i.BCD_To_HEX)
    BMSMain                                  0x000007f1   Thumb Code   480  bms.o(i.BMSMain)
    BMS_DATA_Packet_Analyse                  0x00001125   Thumb Code   138  bms.o(i.BMS_DATA_Packet_Analyse)
    CANRCV                                   0x000011b9   Thumb Code   106  can.o(i.CANRCV)
    CANSend                                  0x00001229   Thumb Code   214  can.o(i.CANSend)
    CAN_IRQHandler                           0x0000130d   Thumb Code   142  can.o(i.CAN_IRQHandler)
    CAN_Init                                 0x000013b5   Thumb Code   286  can.o(i.CAN_Init)
    CEM_Analyse                              0x000014e9   Thumb Code    14  bms.o(i.CEM_Analyse)
    CHM_Analyse                              0x000014fd   Thumb Code    14  bms.o(i.CHM_Analyse)
    CLKPWR_GetCLK                            0x00001511   Thumb Code    46  lpc177x_8x_clkpwr.o(i.CLKPWR_GetCLK)
    CML_Analyse                              0x00001551   Thumb Code    40  bms.o(i.CML_Analyse)
    CRM_Analyse                              0x00001581   Thumb Code    48  bms.o(i.CRM_Analyse)
    CRO_Analyse                              0x000015b9   Thumb Code    90  bms.o(i.CRO_Analyse)
    CSD_Analyse                              0x00001629   Thumb Code    22  bms.o(i.CSD_Analyse)
    CST_Analyse                              0x00001645   Thumb Code    84  bms.o(i.CST_Analyse)
    DetectGateway                            0x000017b9   Thumb Code   176  ethernet.o(i.DetectGateway)
    DisplayMain                              0x0000186d   Thumb Code    12  display.o(i.DisplayMain)
    DownstreamCmdHandle                      0x00001bb5   Thumb Code   396  welink.o(i.DownstreamCmdHandle)
    ENETconnect                              0x00001e1d   Thumb Code    32  welink.o(i.ENETconnect)
    Enter_SWRst                              0x00001e45   Thumb Code    40  can.o(i.Enter_SWRst)
    EthernetReadByte                         0x00001e71   Thumb Code    12  ethernet.o(i.EthernetReadByte)
    EthernetSendByte                         0x00001e7d   Thumb Code    12  ethernet.o(i.EthernetSendByte)
    ExRTCSet                                 0x00001e89   Thumb Code    28  rtc.o(i.ExRTCSet)
    Fdelay                                   0x00001ea5   Thumb Code    20  fram.o(i.Fdelay)
    FramRead                                 0x00001eb9   Thumb Code   108  fram.o(i.FramRead)
    FramState                                0x00001f29   Thumb Code    74  fram.o(i.FramState)
    FramWrite                                0x00001f79   Thumb Code   204  fram.o(i.FramWrite)
    GPIOInit                                 0x000022dd   Thumb Code   132  gpio.o(i.GPIOInit)
    HEX_To_BCD                               0x00002365   Thumb Code    24  calculator.o(i.HEX_To_BCD)
    HardwareSendData                         0x0000237d   Thumb Code    74  welink.o(i.HardwareSendData)
    HexToAscStr                              0x000023d1   Thumb Code    56  calculator.o(i.HexToAscStr)
    LoopBack                                 0x00002409   Thumb Code    40  ethernet.o(i.LoopBack)
    MeterMain                                0x00002441   Thumb Code   242  meter.o(i.MeterMain)
    MsaLogin                                 0x00002559   Thumb Code   116  welink.o(i.MsaLogin)
    NBCD_To_HEX_L                            0x000025d9   Thumb Code    44  calculator.o(i.NBCD_To_HEX_L)
    Ndelay                                   0x0000261b   Thumb Code    12  ethernet.o(i.Ndelay)
    OSDebugInit                              0x00002629   Thumb Code   118  os_dbg_r.o(i.OSDebugInit)
    OSEventNameSet                           0x00002785   Thumb Code    74  os_core.o(i.OSEventNameSet)
    OSInit                                   0x000027d5   Thumb Code    56  os_core.o(i.OSInit)
    OSInitHookBegin                          0x0000280d   Thumb Code     8  os_cpu_c.o(i.OSInitHookBegin)
    OSIntExit                                0x00002819   Thumb Code   106  os_core.o(i.OSIntExit)
    OSSchedLock                              0x000028a5   Thumb Code    44  os_core.o(i.OSSchedLock)
    OSSchedUnlock                            0x000028dd   Thumb Code    70  os_core.o(i.OSSchedUnlock)
    OSSemCreate                              0x00002931   Thumb Code    66  os_sem.o(i.OSSemCreate)
    OSSemPend                                0x00002981   Thumb Code   212  os_sem.o(i.OSSemPend)
    OSSemPost                                0x00002a61   Thumb Code    78  os_sem.o(i.OSSemPost)
    OSStart                                  0x00002ab1   Thumb Code    48  os_core.o(i.OSStart)
    OSStatInit                               0x00002af9   Thumb Code    52  os_core.o(i.OSStatInit)
    OSTaskCreate                             0x00002b39   Thumb Code   132  os_task.o(i.OSTaskCreate)
    OSTaskCreateExt                          0x00002bc9   Thumb Code   152  os_task.o(i.OSTaskCreateExt)
    OSTaskCreateHook                         0x00002c6d   Thumb Code     2  os_cpu_c.o(i.OSTaskCreateHook)
    OSTaskIdleHook                           0x00002c6f   Thumb Code     2  os_cpu_c.o(i.OSTaskIdleHook)
    OSTaskNameSet                            0x00002c71   Thumb Code    86  os_task.o(i.OSTaskNameSet)
    OSTaskStatHook                           0x00002cd5   Thumb Code     2  os_cpu_c.o(i.OSTaskStatHook)
    OSTaskStkChk                             0x00002cd9   Thumb Code   118  os_task.o(i.OSTaskStkChk)
    OSTaskStkInit                            0x00002d59   Thumb Code   154  os_cpu_c.o(i.OSTaskStkInit)
    OSTaskSuspend                            0x00002df5   Thumb Code   140  os_task.o(i.OSTaskSuspend)
    OSTaskSwHook                             0x00002e91   Thumb Code     2  os_cpu_c.o(i.OSTaskSwHook)
    OSTimeDly                                0x00002e95   Thumb Code    94  os_time.o(i.OSTimeDly)
    OSTimeDlyHMSM                            0x00002f09   Thumb Code    86  os_time.o(i.OSTimeDlyHMSM)
    OSTimeTick                               0x00002f69   Thumb Code   200  os_core.o(i.OSTimeTick)
    OSTimeTickHook                           0x00003049   Thumb Code    30  os_cpu_c.o(i.OSTimeTickHook)
    OSTmrSignal                              0x0000306d   Thumb Code    16  os_tmr.o(i.OSTmrSignal)
    OSTmr_Init                               0x00003081   Thumb Code   168  os_tmr.o(i.OSTmr_Init)
    OS_EventTaskRdy                          0x000032f5   Thumb Code   128  os_core.o(i.OS_EventTaskRdy)
    OS_EventTaskRemove                       0x00003385   Thumb Code    42  os_core.o(i.OS_EventTaskRemove)
    OS_EventTaskRemoveMulti                  0x000033af   Thumb Code    58  os_core.o(i.OS_EventTaskRemoveMulti)
    OS_EventTaskWait                         0x000033e9   Thumb Code   112  os_core.o(i.OS_EventTaskWait)
    OS_EventWaitListInit                     0x00003465   Thumb Code    28  os_core.o(i.OS_EventWaitListInit)
    OS_FlagInit                              0x00003481   Thumb Code    74  os_flag.o(i.OS_FlagInit)
    OS_MemClr                                0x000036f1   Thumb Code    18  os_core.o(i.OS_MemClr)
    OS_MemInit                               0x00003705   Thumb Code    74  os_mem.o(i.OS_MemInit)
    OS_QInit                                 0x0000375d   Thumb Code    72  os_q.o(i.OS_QInit)
    OS_Sched                                 0x000037ad   Thumb Code    82  os_core.o(i.OS_Sched)
    OS_TCBInit                               0x00003849   Thumb Code   266  os_core.o(i.OS_TCBInit)
    OS_TaskIdle                              0x00003971   Thumb Code    28  os_core.o(i.OS_TaskIdle)
    OS_TaskStat                              0x00003991   Thumb Code   110  os_core.o(i.OS_TaskStat)
    OS_TaskStatStkChk                        0x00003a15   Thumb Code    54  os_core.o(i.OS_TaskStatStkChk)
    OS_TaskStkClr                            0x00003a51   Thumb Code    26  os_task.o(i.OS_TaskStkClr)
    Print                                    0x00003a6b   Thumb Code   238  print.o(i.Print)
    PrintBIN                                 0x00003b59   Thumb Code    48  print.o(i.PrintBIN)
    PrintCH                                  0x00003b8d   Thumb Code    12  print.o(i.PrintCH)
    PrintDEC                                 0x00003b99   Thumb Code    44  print.o(i.PrintDEC)
    PrintFLT                                 0x00003bc5   Thumb Code    86  print.o(i.PrintFLT)
    PrintHEX                                 0x00003c21   Thumb Code    80  print.o(i.PrintHEX)
    PrintSTR                                 0x00003c75   Thumb Code    22  print.o(i.PrintSTR)
    Quit_SWRst                               0x00003c8d   Thumb Code    42  can.o(i.Quit_SWRst)
    RTCInit                                  0x00003cbd   Thumb Code   190  rtc.o(i.RTCInit)
    RTC_IRQHandler                           0x00003d8d   Thumb Code   290  rtc.o(i.RTC_IRQHandler)
    ReConnectMSA                             0x00003eed   Thumb Code    12  welink.o(i.ReConnectMSA)
    ReadSocketDataToBuffer                   0x0000437d   Thumb Code   304  ethernet.o(i.ReadSocketDataToBuffer)
    ReadSocket_1Byte                         0x000044b1   Thumb Code   104  ethernet.o(i.ReadSocket_1Byte)
    ReadSocket_2Byte                         0x0000451d   Thumb Code   116  ethernet.o(i.ReadSocket_2Byte)
    Read_IR                                  0x00004595   Thumb Code    30  ethernet.o(i.Read_IR)
    Read_W5500                               0x000045b5   Thumb Code   110  ethernet.o(i.Read_W5500)
    RecvDataHandle                           0x00004629   Thumb Code    92  welink.o(i.RecvDataHandle)
    SSP0_Init                                0x0000469d   Thumb Code   106  ssp.o(i.SSP0_Init)
    SSP0_ReadData                            0x00004715   Thumb Code    76  ssp.o(i.SSP0_ReadData)
    SSP0_SendData                            0x00004765   Thumb Code    34  ssp.o(i.SSP0_SendData)
    SSP2_Init                                0x0000478d   Thumb Code   132  ssp.o(i.SSP2_Init)
    SSP2_ReadData                            0x0000481d   Thumb Code    76  ssp.o(i.SSP2_ReadData)
    SSP2_SendData                            0x0000486d   Thumb Code    34  ssp.o(i.SSP2_SendData)
    SendDataHandle                           0x00004895   Thumb Code    86  welink.o(i.SendDataHandle)
    SocketConnect                            0x000048fd   Thumb Code    70  ethernet.o(i.SocketConnect)
    Socketn_Config                           0x00004945   Thumb Code    74  ethernet.o(i.Socketn_Config)
    SysLinkParaInit                          0x0000499d   Thumb Code   240  ethernet.o(i.SysLinkParaInit)
    SystemInit                               0x00004a91   Thumb Code   188  system_lpc177x_8x.o(i.SystemInit)
    TIMER0_IRQHandler                        0x00004b91   Thumb Code    80  timer.o(i.TIMER0_IRQHandler)
    Timer0Init                               0x00004be9   Thumb Code   108  timer.o(i.Timer0Init)
    UART0Init                                0x00004c65   Thumb Code   110  uart.o(i.UART0Init)
    UART0RxbufClear                          0x00004ce5   Thumb Code    36  uart.o(i.UART0RxbufClear)
    UART0SendByte                            0x00004d15   Thumb Code    20  uart.o(i.UART0SendByte)
    UART0_IRQHandler                         0x00004d2d   Thumb Code   296  uart.o(i.UART0_IRQHandler)
    UART1Init                                0x00004e69   Thumb Code   126  uart.o(i.UART1Init)
    UART1RxbufClear                          0x00004efd   Thumb Code    36  uart.o(i.UART1RxbufClear)
    UART1SendByte                            0x00004f2d   Thumb Code    20  uart.o(i.UART1SendByte)
    UART1SendStr                             0x00004f45   Thumb Code    26  uart.o(i.UART1SendStr)
    UART1_IRQHandler                         0x00004f61   Thumb Code   296  uart.o(i.UART1_IRQHandler)
    UART2Init                                0x0000509d   Thumb Code   140  uart.o(i.UART2Init)
    UART2RxbufClear                          0x0000513d   Thumb Code    36  uart.o(i.UART2RxbufClear)
    UART2SendByte                            0x0000516d   Thumb Code    20  uart.o(i.UART2SendByte)
    UART2SendStr                             0x00005185   Thumb Code    98  uart.o(i.UART2SendStr)
    UART2_IRQHandler                         0x000051ed   Thumb Code   296  uart.o(i.UART2_IRQHandler)
    UART3Init                                0x00005329   Thumb Code   126  uart.o(i.UART3Init)
    UART3RxbufClear                          0x000053bd   Thumb Code    36  uart.o(i.UART3RxbufClear)
    UART3_IRQHandler                         0x000053ed   Thumb Code   296  uart.o(i.UART3_IRQHandler)
    UART4Init                                0x00005529   Thumb Code   128  uart.o(i.UART4Init)
    UART4RxbufClear                          0x000055bd   Thumb Code    36  uart.o(i.UART4RxbufClear)
    UART4_IRQHandler                         0x000055ed   Thumb Code   304  uart.o(i.UART4_IRQHandler)
    UpstreamCmdHandle                        0x00005731   Thumb Code   440  welink.o(i.UpstreamCmdHandle)
    W5500Init                                0x000058f1   Thumb Code   328  ethernet.o(i.W5500Init)
    W5500LoadParameters                      0x00005a4d   Thumb Code   176  ethernet.o(i.W5500LoadParameters)
    W5500SocketRXD                           0x00005b21   Thumb Code   158  ethernet.o(i.W5500SocketRXD)
    W5500_Initialization                     0x00005bc9   Thumb Code    40  ethernet.o(i.W5500_Initialization)
    WelinkMain                               0x00005bf5   Thumb Code    46  welink.o(i.WelinkMain)
    WriteCAN0                                0x00005c2d   Thumb Code   104  can.o(i.WriteCAN0)
    WriteSocketDataToBuffer                  0x00005c99   Thumb Code   288  ethernet.o(i.WriteSocketDataToBuffer)
    WriteSocket_1Byte                        0x00005dbd   Thumb Code   102  ethernet.o(i.WriteSocket_1Byte)
    WriteSocket_2Byte                        0x00005e29   Thumb Code   110  ethernet.o(i.WriteSocket_2Byte)
    WriteSocket_4Byte                        0x00005e9d   Thumb Code   128  ethernet.o(i.WriteSocket_4Byte)
    Write_W5500                              0x00005f21   Thumb Code   110  ethernet.o(i.Write_W5500)
    __scatterload_copy                       0x00005f95   Thumb Code    14  handlers.o(i.__scatterload_copy)
    __scatterload_null                       0x00005fa3   Thumb Code     2  handlers.o(i.__scatterload_null)
    __scatterload_zeroinit                   0x00005fa5   Thumb Code    14  handlers.o(i.__scatterload_zeroinit)
    cmd_02_upload                            0x00005fb3   Thumb Code     6  link .o(i.cmd_02_upload)
    cmd_04_upload                            0x00005fb9   Thumb Code     6  link .o(i.cmd_04_upload)
    cmd_06_upload                            0x00005fc1   Thumb Code    82  link .o(i.cmd_06_upload)
    cmd_08_upload                            0x00006019   Thumb Code    74  link .o(i.cmd_08_upload)
    cmd_101_proess                           0x00006069   Thumb Code    10  link .o(i.cmd_101_proess)
    cmd_102_upload                           0x00006079   Thumb Code    98  link .o(i.cmd_102_upload)
    cmd_103_proess                           0x000060e5   Thumb Code    18  link .o(i.cmd_103_proess)
    cmd_104_upload                           0x000060f9   Thumb Code   494  link .o(i.cmd_104_upload)
    cmd_105_proess                           0x000062ed   Thumb Code    30  link .o(i.cmd_105_proess)
    cmd_106_upload                           0x00006311   Thumb Code   524  link .o(i.cmd_106_upload)
    cmd_107_proess                           0x00006525   Thumb Code     2  link .o(i.cmd_107_proess)
    cmd_108_upload                           0x00006527   Thumb Code     6  link .o(i.cmd_108_upload)
    cmd_109_proess                           0x0000652d   Thumb Code     2  link .o(i.cmd_109_proess)
    cmd_10_upload                            0x0000652f   Thumb Code     6  link .o(i.cmd_10_upload)
    cmd_110_upload                           0x00006535   Thumb Code     6  link .o(i.cmd_110_upload)
    cmd_1_proess                             0x0000653b   Thumb Code     2  link .o(i.cmd_1_proess)
    cmd_201_proess                           0x0000653d   Thumb Code     2  link .o(i.cmd_201_proess)
    cmd_202_upload                           0x00006541   Thumb Code   418  link .o(i.cmd_202_upload)
    cmd_203_proess                           0x000066e9   Thumb Code     2  link .o(i.cmd_203_proess)
    cmd_204_upload                           0x000066eb   Thumb Code     6  link .o(i.cmd_204_upload)
    cmd_205_proess                           0x000066f1   Thumb Code     2  link .o(i.cmd_205_proess)
    cmd_206_upload                           0x000066f3   Thumb Code     6  link .o(i.cmd_206_upload)
    cmd_3_proess                             0x000066f9   Thumb Code   146  link .o(i.cmd_3_proess)
    cmd_3_query_2_proess                     0x0000678b   Thumb Code     2  link .o(i.cmd_3_query_2_proess)
    cmd_3_setup_2_proess                     0x0000678d   Thumb Code     2  link .o(i.cmd_3_setup_2_proess)
    cmd_5_proess                             0x0000678f   Thumb Code     2  link .o(i.cmd_5_proess)
    cmd_7_proess                             0x00006791   Thumb Code     2  link .o(i.cmd_7_proess)
    cmd_9_proess                             0x00006793   Thumb Code     2  link .o(i.cmd_9_proess)
    free                                     0x00006795   Thumb Code    76  malloc.o(i.free)
    main                                     0x000067e5   Thumb Code    94  main.o(i.main)
    malloc                                   0x00006855   Thumb Code    92  malloc.o(i.malloc)
    tickISRHandler                           0x0000698d   Thumb Code    30  os_cpu_c.o(i.tickISRHandler)
    tick_init                                0x000069b1   Thumb Code    90  os_cpu_c.o(i.tick_init)
    OSUnMapTbl                               0x00006a14   Data         256  os_core.o(.constdata)
    OSDebugEn                                0x00006b14   Data           2  os_dbg_r.o(.constdata)
    OSEndiannessTest                         0x00006b18   Data           4  os_dbg_r.o(.constdata)
    OSEventEn                                0x00006b1c   Data           2  os_dbg_r.o(.constdata)
    OSEventMax                               0x00006b1e   Data           2  os_dbg_r.o(.constdata)
    OSEventNameEn                            0x00006b20   Data           2  os_dbg_r.o(.constdata)
    OSEventSize                              0x00006b22   Data           2  os_dbg_r.o(.constdata)
    OSEventTblSize                           0x00006b24   Data           2  os_dbg_r.o(.constdata)
    OSEventMultiEn                           0x00006b26   Data           2  os_dbg_r.o(.constdata)
    OSFlagEn                                 0x00006b28   Data           2  os_dbg_r.o(.constdata)
    OSFlagGrpSize                            0x00006b2a   Data           2  os_dbg_r.o(.constdata)
    OSFlagNodeSize                           0x00006b2c   Data           2  os_dbg_r.o(.constdata)
    OSFlagWidth                              0x00006b2e   Data           2  os_dbg_r.o(.constdata)
    OSFlagMax                                0x00006b30   Data           2  os_dbg_r.o(.constdata)
    OSFlagNameEn                             0x00006b32   Data           2  os_dbg_r.o(.constdata)
    OSLowestPrio                             0x00006b34   Data           2  os_dbg_r.o(.constdata)
    OSMboxEn                                 0x00006b36   Data           2  os_dbg_r.o(.constdata)
    OSMemEn                                  0x00006b38   Data           2  os_dbg_r.o(.constdata)
    OSMemMax                                 0x00006b3a   Data           2  os_dbg_r.o(.constdata)
    OSMemNameEn                              0x00006b3c   Data           2  os_dbg_r.o(.constdata)
    OSMemSize                                0x00006b3e   Data           2  os_dbg_r.o(.constdata)
    OSMemTblSize                             0x00006b40   Data           2  os_dbg_r.o(.constdata)
    OSMutexEn                                0x00006b42   Data           2  os_dbg_r.o(.constdata)
    OSPtrSize                                0x00006b44   Data           2  os_dbg_r.o(.constdata)
    OSQEn                                    0x00006b46   Data           2  os_dbg_r.o(.constdata)
    OSQMax                                   0x00006b48   Data           2  os_dbg_r.o(.constdata)
    OSQSize                                  0x00006b4a   Data           2  os_dbg_r.o(.constdata)
    OSRdyTblSize                             0x00006b4c   Data           2  os_dbg_r.o(.constdata)
    OSSemEn                                  0x00006b4e   Data           2  os_dbg_r.o(.constdata)
    OSStkWidth                               0x00006b50   Data           2  os_dbg_r.o(.constdata)
    OSTaskCreateEn                           0x00006b52   Data           2  os_dbg_r.o(.constdata)
    OSTaskCreateExtEn                        0x00006b54   Data           2  os_dbg_r.o(.constdata)
    OSTaskDelEn                              0x00006b56   Data           2  os_dbg_r.o(.constdata)
    OSTaskIdleStkSize                        0x00006b58   Data           2  os_dbg_r.o(.constdata)
    OSTaskProfileEn                          0x00006b5a   Data           2  os_dbg_r.o(.constdata)
    OSTaskMax                                0x00006b5c   Data           2  os_dbg_r.o(.constdata)
    OSTaskNameEn                             0x00006b5e   Data           2  os_dbg_r.o(.constdata)
    OSTaskStatEn                             0x00006b60   Data           2  os_dbg_r.o(.constdata)
    OSTaskStatStkSize                        0x00006b62   Data           2  os_dbg_r.o(.constdata)
    OSTaskStatStkChkEn                       0x00006b64   Data           2  os_dbg_r.o(.constdata)
    OSTaskSwHookEn                           0x00006b66   Data           2  os_dbg_r.o(.constdata)
    OSTaskRegTblSize                         0x00006b68   Data           2  os_dbg_r.o(.constdata)
    OSTCBPrioTblMax                          0x00006b6a   Data           2  os_dbg_r.o(.constdata)
    OSTCBSize                                0x00006b6c   Data           2  os_dbg_r.o(.constdata)
    OSTicksPerSec                            0x00006b6e   Data           2  os_dbg_r.o(.constdata)
    OSTimeTickHookEn                         0x00006b70   Data           2  os_dbg_r.o(.constdata)
    OSVersionNbr                             0x00006b72   Data           2  os_dbg_r.o(.constdata)
    OSTmrEn                                  0x00006b74   Data           2  os_dbg_r.o(.constdata)
    OSTmrCfgMax                              0x00006b76   Data           2  os_dbg_r.o(.constdata)
    OSTmrCfgNameEn                           0x00006b78   Data           2  os_dbg_r.o(.constdata)
    OSTmrCfgWheelSize                        0x00006b7a   Data           2  os_dbg_r.o(.constdata)
    OSTmrCfgTicksPerSec                      0x00006b7c   Data           2  os_dbg_r.o(.constdata)
    OSTmrSize                                0x00006b7e   Data           2  os_dbg_r.o(.constdata)
    OSTmrTblSize                             0x00006b80   Data           2  os_dbg_r.o(.constdata)
    OSTmrWheelSize                           0x00006b82   Data           2  os_dbg_r.o(.constdata)
    OSTmrWheelTblSize                        0x00006b84   Data           2  os_dbg_r.o(.constdata)
    OSDataSize                               0x00006b86   Data           2  os_dbg_r.o(.constdata)
    MeterDI                                  0x00006b88   Data          12  meter.o(.constdata)
    Region$$Table$$Base                      0x00006b94   Number         0  anon$$obj.o(Region$$Table)
    Region$$Table$$Limit                     0x00006bb4   Number         0  anon$$obj.o(Region$$Table)
    SystemCoreClock                          0x10000000   Data           4  system_lpc177x_8x.o(.data)
    PeripheralClock                          0x10000004   Data           4  system_lpc177x_8x.o(.data)
    EMCClock                                 0x10000008   Data           4  system_lpc177x_8x.o(.data)
    USBClock                                 0x1000000c   Data           4  system_lpc177x_8x.o(.data)
    OsEnterSum                               0x10000010   Data           4  os_cpu_c.o(.data)
    OSCtxSwCtr                               0x10000018   Data           4  os_core.o(.data)
    OSEventFreeList                          0x1000001c   Data           4  os_core.o(.data)
    OSFlagFreeList                           0x10000020   Data           4  os_core.o(.data)
    OSCPUUsage                               0x10000024   Data           1  os_core.o(.data)
    OSIdleCtrMax                             0x10000028   Data           4  os_core.o(.data)
    OSIdleCtrRun                             0x1000002c   Data           4  os_core.o(.data)
    OSStatRdy                                0x10000030   Data           1  os_core.o(.data)
    OSIntNesting                             0x10000031   Data           1  os_core.o(.data)
    OSLockNesting                            0x10000032   Data           1  os_core.o(.data)
    OSPrioCur                                0x10000033   Data           1  os_core.o(.data)
    OSPrioHighRdy                            0x10000034   Data           1  os_core.o(.data)
    OSRdyGrp                                 0x10000035   Data           1  os_core.o(.data)
    OSRdyTbl                                 0x10000036   Data           8  os_core.o(.data)
    OSRunning                                0x1000003e   Data           1  os_core.o(.data)
    OSTaskCtr                                0x1000003f   Data           1  os_core.o(.data)
    OSIdleCtr                                0x10000040   Data           4  os_core.o(.data)
    OSTCBCur                                 0x10000044   Data           4  os_core.o(.data)
    OSTCBFreeList                            0x10000048   Data           4  os_core.o(.data)
    OSTCBHighRdy                             0x1000004c   Data           4  os_core.o(.data)
    OSTCBList                                0x10000050   Data           4  os_core.o(.data)
    OSTickStepState                          0x10000054   Data           1  os_core.o(.data)
    OSMemFreeList                            0x10000058   Data           4  os_core.o(.data)
    OSQFreeList                              0x1000005c   Data           4  os_core.o(.data)
    OSTime                                   0x10000060   Data           4  os_core.o(.data)
    OSTmrFree                                0x10000064   Data           2  os_core.o(.data)
    OSTmrUsed                                0x10000066   Data           2  os_core.o(.data)
    OSTmrTime                                0x10000068   Data           4  os_core.o(.data)
    OSTmrSem                                 0x1000006c   Data           4  os_core.o(.data)
    OSTmrSemSignal                           0x10000070   Data           4  os_core.o(.data)
    OSTmrFreeList                            0x10000074   Data           4  os_core.o(.data)
    SysTickCnt                               0x10000078   Data           4  main.o(.data)
    ChargerMsg                               0x1000007c   Data           8  bms.o(.data)
    DisplayMessage                           0x10000084   Data           8  display.o(.data)
    Power_RHT                                0x1000008c   Data           3  display.o(.data)
    Power_ERR                                0x1000008f   Data           5  display.o(.data)
    pChargeMode1                             0x10000094   Data           5  display.o(.data)
    pChargeMode2                             0x10000099   Data           5  display.o(.data)
    pBatteryType1                            0x1000009e   Data           9  display.o(.data)
    pBatteryType2                            0x100000a7   Data           9  display.o(.data)
    pBatteryType3                            0x100000b0   Data           9  display.o(.data)
    pBatteryType4                            0x100000b9   Data           9  display.o(.data)
    pBatteryType5                            0x100000c2   Data           9  display.o(.data)
    pBatteryType6                            0x100000cb   Data           9  display.o(.data)
    pBatteryType7                            0x100000d4   Data           9  display.o(.data)
    pBatteryType8                            0x100000dd   Data           9  display.o(.data)
    pBatteryType9                            0x100000e6   Data           9  display.o(.data)
    SndLen                                   0x100000f0   Data           2  meter.o(.data)
    Gateway_IP                               0x100000f4   Data           4  ethernet.o(.data)
    Sub_Mask                                 0x100000f8   Data           4  ethernet.o(.data)
    Phy_Addr                                 0x100000fc   Data           6  ethernet.o(.data)
    IP_Addr                                  0x10000102   Data           4  ethernet.o(.data)
    S0_Port                                  0x10000108   Data           4  ethernet.o(.data)
    S0_DIP                                   0x1000010c   Data           4  ethernet.o(.data)
    S0_DPort                                 0x10000110   Data           4  ethernet.o(.data)
    S1_Port                                  0x10000114   Data           2  ethernet.o(.data)
    S1_DIP                                   0x10000116   Data           4  ethernet.o(.data)
    S1_DPort                                 0x1000011a   Data           2  ethernet.o(.data)
    S2_Port                                  0x1000011c   Data           2  ethernet.o(.data)
    S2_DIP                                   0x1000011e   Data           4  ethernet.o(.data)
    S2_DPort                                 0x10000122   Data           2  ethernet.o(.data)
    S3_Port                                  0x10000124   Data           2  ethernet.o(.data)
    S3_DIP                                   0x10000126   Data           4  ethernet.o(.data)
    S3_DPort                                 0x1000012a   Data           2  ethernet.o(.data)
    S0_State                                 0x1000012c   Data           1  ethernet.o(.data)
    S1_State                                 0x1000012d   Data           1  ethernet.o(.data)
    S2_State                                 0x1000012e   Data           1  ethernet.o(.data)
    S3_State                                 0x1000012f   Data           1  ethernet.o(.data)
    ENETRcvLen                               0x10000130   Data           2  ethernet.o(.data)
    S0_Mode                                  0x10000132   Data           1  ethernet.o(.data)
    WelinkMode                               0x1000013c   Data           1  welink.o(.data)
    TcpConFlag                               0x1000013e   Data           1  welink.o(.data)
    MsaConFlag                               0x1000013f   Data           1  welink.o(.data)
    iHeartBeatAckTimOut                      0x10000140   Data           1  welink.o(.data)
    iTcpSendCnt                              0x10000144   Data           4  welink.o(.data)
    iTcpRecvCnt                              0x10000148   Data           4  welink.o(.data)
    iTcpRvChekSumErrCnt                      0x1000014c   Data           4  welink.o(.data)
    GulNumU0                                 0x10000154   Data           4  uart.o(.data)
    RcvLenU0                                 0x10000158   Data           4  uart.o(.data)
    SndLenU0                                 0x1000015c   Data           4  uart.o(.data)
    RcvNewU0                                 0x10000160   Data           1  uart.o(.data)
    GulNumU1                                 0x10000164   Data           4  uart.o(.data)
    RcvLenU1                                 0x10000168   Data           4  uart.o(.data)
    SndLenU1                                 0x1000016c   Data           4  uart.o(.data)
    RcvNewU1                                 0x10000170   Data           1  uart.o(.data)
    GulNumU2                                 0x10000174   Data           4  uart.o(.data)
    RcvLenU2                                 0x10000178   Data           4  uart.o(.data)
    SndLenU2                                 0x1000017c   Data           4  uart.o(.data)
    RcvNewU2                                 0x10000180   Data           1  uart.o(.data)
    GulNumU3                                 0x10000184   Data           4  uart.o(.data)
    RcvLenU3                                 0x10000188   Data           4  uart.o(.data)
    SndLenU3                                 0x1000018c   Data           4  uart.o(.data)
    RcvNewU3                                 0x10000190   Data           1  uart.o(.data)
    GulNumU4                                 0x10000194   Data           4  uart.o(.data)
    RcvLenU4                                 0x10000198   Data           4  uart.o(.data)
    SndLenU4                                 0x1000019c   Data           4  uart.o(.data)
    RcvNewU4                                 0x100001a0   Data           1  uart.o(.data)
    pwMsgCAN0                                0x100001a4   Data           4  can.o(.data)
    prMsgCAN0                                0x100001a8   Data           4  can.o(.data)
    CANID                                    0x100001ac   Data           4  can.o(.data)
    CAN_Data                                 0x100001b0   Data           8  can.o(.data)
    secflag                                  0x100001b8   Data           1  rtc.o(.data)
    ScnTime                                  0x100001ba   Data           2  rtc.o(.data)
    DspDlyNs                                 0x100001bc   Data           2  rtc.o(.data)
    WelinkTime                               0x100001be   Data           2  rtc.o(.data)
    Ethernet_Reply_Time                      0x100001c0   Data           2  rtc.o(.data)
    ChargedTime                              0x100001c4   Data           4  rtc.o(.data)
    SOChargedTime                            0x100001c8   Data           4  rtc.o(.data)
    ulTimes                                  0x100001cc   Data           4  rtc.o(.data)
    ulDatas                                  0x100001d0   Data           4  rtc.o(.data)
    RTCtimedate                              0x100001d4   Data           8  rtc.o(.data)
    __microlib_freelist                      0x100001e4   Data           4  mvars.o(.data)
    __microlib_freelist_initialised          0x100001e8   Data           4  mvars.o(.data)
    OSEventTbl                               0x100001ec   Data         240  os_core.o(.bss)
    OSFlagTbl                                0x100002dc   Data          80  os_core.o(.bss)
    OSTaskStatStk                            0x1000032c   Data         512  os_core.o(.bss)
    OSTaskIdleStk                            0x1000052c   Data         512  os_core.o(.bss)
    OSTCBPrioTbl                             0x1000072c   Data         256  os_core.o(.bss)
    OSTCBTbl                                 0x1000082c   Data        1936  os_core.o(.bss)
    OSMemTbl                                 0x10000fbc   Data         120  os_core.o(.bss)
    OSQTbl                                   0x10001034   Data          96  os_core.o(.bss)
    OSTmrTbl                                 0x10001094   Data         640  os_core.o(.bss)
    OSTmrTaskStk                             0x10001314   Data         512  os_core.o(.bss)
    OSTmrWheelTbl                            0x10001514   Data          64  os_core.o(.bss)
    Sys_PARA                                 0x10003c64   Data          16  main.o(.bss)
    BMSMessage                               0x10003c74   Data          44  bms.o(.bss)
    RDwinMessage                             0x10003ca0   Data          58  display.o(.bss)
    WDwinMessage                             0x10003cda   Data          58  display.o(.bss)
    SndBuf                                   0x10003d14   Data        1024  meter.o(.bss)
    SMeter                                   0x10004114   Data          24  meter.o(.bss)
    RMeter                                   0x1000412c   Data          24  meter.o(.bss)
    ENETRcvBuf                               0x10004144   Data         512  ethernet.o(.bss)
    TxReport                                 0x10004344   Data         266  welink.o(.bss)
    RxReport                                 0x1000444e   Data         266  welink.o(.bss)
    Welink_PARA                              0x10004558   Data         108  welink.o(.bss)
    RcvBufU0                                 0x100045c4   Data        1024  uart.o(.bss)
    SndBufU0                                 0x100049c4   Data        1024  uart.o(.bss)
    RcvBufU1                                 0x10004dc4   Data        1024  uart.o(.bss)
    SndBufU1                                 0x100051c4   Data        1024  uart.o(.bss)
    RcvBufU2                                 0x100055c4   Data        1024  uart.o(.bss)
    SndBufU2                                 0x100059c4   Data        1024  uart.o(.bss)
    RcvBufU3                                 0x10005dc4   Data        1024  uart.o(.bss)
    SndBufU3                                 0x100061c4   Data        1024  uart.o(.bss)
    RcvBufU4                                 0x100065c4   Data        1024  uart.o(.bss)
    SndBufU4                                 0x100069c4   Data        1024  uart.o(.bss)
    MsgCAN0BUF                               0x10006dc4   Data          80  can.o(.bss)
    MessageDetailT                           0x10006e14   Data          16  can.o(.bss)
    MessageCAN0                              0x10006e24   Data          16  can.o(.bss)
    MessageCAN1                              0x10006e34   Data          16  can.o(.bss)
    __heap_base                              0x10006e48   Data           0  startup_lpc177x_8x.o(HEAP)
    __heap_limit                             0x10006e48   Data           0  startup_lpc177x_8x.o(HEAP)
    __initial_sp                             0x10007048   Data           0  startup_lpc177x_8x.o(STACK)



==============================================================================

Memory Map of the image

  Image Entry point : 0x000000e5

  Load Region LR_IROM1 (Base: 0x00000000, Size: 0x00006da0, Max: 0x00080000, ABSOLUTE, COMPRESSED[0x00006c20])

    Execution Region ER_IROM1 (Base: 0x00000000, Size: 0x00006bb4, Max: 0x00080000, ABSOLUTE)

    Base Addr    Size         Type   Attr      Idx    E Section Name        Object

    0x00000000   0x000000e4   Data   RO            3    RESET               startup_lpc177x_8x.o
    0x000000e4   0x00000000   Code   RO         3201  * .ARM.Collect$$$$00000000  mc_w.l(entry.o)
    0x000000e4   0x00000004   Code   RO         3255    .ARM.Collect$$$$00000001  mc_w.l(entry2.o)
    0x000000e8   0x00000004   Code   RO         3258    .ARM.Collect$$$$00000004  mc_w.l(entry5.o)
    0x000000ec   0x00000000   Code   RO         3260    .ARM.Collect$$$$00000008  mc_w.l(entry7b.o)
    0x000000ec   0x00000000   Code   RO         3262    .ARM.Collect$$$$0000000A  mc_w.l(entry8b.o)
    0x000000ec   0x00000008   Code   RO         3263    .ARM.Collect$$$$0000000B  mc_w.l(entry9a.o)
    0x000000f4   0x00000000   Code   RO         3265    .ARM.Collect$$$$0000000D  mc_w.l(entry10a.o)
    0x000000f4   0x00000000   Code   RO         3267    .ARM.Collect$$$$0000000F  mc_w.l(entry11a.o)
    0x000000f4   0x00000004   Code   RO         3256    .ARM.Collect$$$$00002712  mc_w.l(entry2.o)
    0x000000f8   0x00000020   Code   RO            5    .text               startup_lpc177x_8x.o
    0x00000118   0x00000024   Code   RO         3204    .text               mc_w.l(rand.o)
    0x0000013c   0x00000024   Code   RO         3207    .text               mc_w.l(memcpya.o)
    0x00000160   0x00000024   Code   RO         3209    .text               mc_w.l(memseta.o)
    0x00000184   0x0000014e   Code   RO         3243    .text               mf_w.l(dadd.o)
    0x000002d2   0x00000022   Code   RO         3249    .text               mf_w.l(dflti.o)
    0x000002f4   0x00000000   Code   RO         3277    .text               mc_w.l(iusefp.o)
    0x000002f4   0x00000002   Code   RO         1486    i.CCS_Analyse       bms.o
    0x000002f6   0x00000002   Code   RO         1494    i.CTS_Analyse       bms.o
    0x000002f8   0x00000002   Code   RO          331    i.OSInitHookEnd     os_cpu_c.o
    0x000002fa   0x00000002   Code   RO          332    i.OSTCBInitHook     os_cpu_c.o
    0x000002fc   0x00000004   Code   RO            4    .ARM.__at_0x02FC    startup_lpc177x_8x.o
    0x00000300   0x000000e4   Code   RO         3245    .text               mf_w.l(dmul.o)
    0x000003e4   0x0000003e   Code   RO         3251    .text               mf_w.l(dfixi.o)
    0x00000422   0x0000001e   Code   RO         3269    .text               mc_w.l(llshl.o)
    0x00000440   0x00000020   Code   RO         3271    .text               mc_w.l(llushr.o)
    0x00000460   0x00000024   Code   RO         3273    .text               mc_w.l(llsshr.o)
    0x00000484   0x000000ba   Code   RO         3280    .text               mf_w.l(depilogue.o)
    0x0000053e   0x00000002   PAD
    0x00000540   0x00000024   Code   RO         3282    .text               mc_w.l(init.o)
    0x00000564   0x00000056   Code   RO         3292    .text               mc_w.l(__dczerorl2.o)
    0x000005ba   0x00000002   PAD
    0x000005bc   0x000000e8   Code   RO          326    UCOSII_ASM          os_cpu_a.o
    0x000006a4   0x000000f8   Code   RO         2447    i.ASCII_To_HEX      calculator.o
    0x0000079c   0x0000002a   Code   RO         2449    i.AscToHexStr       calculator.o
    0x000007c6   0x00000028   Code   RO         2450    i.BCD_To_HEX        calculator.o
    0x000007ee   0x00000002   PAD
    0x000007f0   0x000001f8   Code   RO         1460    i.BMSMain           bms.o
    0x000009e8   0x0000010c   Code   RO         1462    i.BMS_BCL           bms.o
    0x00000af4   0x00000048   Code   RO         1463    i.BMS_BCP           bms.o
    0x00000b3c   0x00000054   Code   RO         1464    i.BMS_BCP_DATA_01   bms.o
    0x00000b90   0x0000008c   Code   RO         1465    i.BMS_BCP_DATA_02   bms.o
    0x00000c1c   0x00000048   Code   RO         1466    i.BMS_BCS           bms.o
    0x00000c64   0x000000ac   Code   RO         1467    i.BMS_BCS_Data_01   bms.o
    0x00000d10   0x00000040   Code   RO         1468    i.BMS_BCS_Data_02   bms.o
    0x00000d50   0x0000003c   Code   RO         1469    i.BMS_BEM           bms.o
    0x00000d8c   0x00000030   Code   RO         1470    i.BMS_BHM           bms.o
    0x00000dbc   0x00000048   Code   RO         1473    i.BMS_BRM           bms.o
    0x00000e04   0x00000074   Code   RO         1474    i.BMS_BRM_Msg01     bms.o
    0x00000e78   0x00000048   Code   RO         1475    i.BMS_BRM_Msg02     bms.o
    0x00000ec0   0x0000004c   Code   RO         1476    i.BMS_BRM_Msg03     bms.o
    0x00000f0c   0x00000048   Code   RO         1477    i.BMS_BRM_Msg04     bms.o
    0x00000f54   0x00000048   Code   RO         1478    i.BMS_BRM_Msg05     bms.o
    0x00000f9c   0x00000048   Code   RO         1479    i.BMS_BRM_Msg06     bms.o
    0x00000fe4   0x0000003c   Code   RO         1480    i.BMS_BRM_Msg07     bms.o
    0x00001020   0x00000044   Code   RO         1481    i.BMS_BRO           bms.o
    0x00001064   0x00000050   Code   RO         1482    i.BMS_BSD           bms.o
    0x000010b4   0x00000040   Code   RO         1483    i.BMS_BSM           bms.o
    0x000010f4   0x00000030   Code   RO         1484    i.BMS_BST           bms.o
    0x00001124   0x00000094   Code   RO         1485    i.BMS_DATA_Packet_Analyse  bms.o
    0x000011b8   0x00000070   Code   RO         2841    i.CANRCV            can.o
    0x00001228   0x000000e4   Code   RO         2842    i.CANSend           can.o
    0x0000130c   0x000000a8   Code   RO         2843    i.CAN_IRQHandler    can.o
    0x000013b4   0x00000134   Code   RO         2844    i.CAN_Init          can.o
    0x000014e8   0x00000014   Code   RO         1487    i.CEM_Analyse       bms.o
    0x000014fc   0x00000014   Code   RO         1488    i.CHM_Analyse       bms.o
    0x00001510   0x00000040   Code   RO           68    i.CLKPWR_GetCLK     lpc177x_8x_clkpwr.o
    0x00001550   0x00000030   Code   RO         1489    i.CML_Analyse       bms.o
    0x00001580   0x00000038   Code   RO         1490    i.CRM_Analyse       bms.o
    0x000015b8   0x00000070   Code   RO         1491    i.CRO_Analyse       bms.o
    0x00001628   0x0000001c   Code   RO         1492    i.CSD_Analyse       bms.o
    0x00001644   0x0000005c   Code   RO         1493    i.CST_Analyse       bms.o
    0x000016a0   0x00000118   Code   RO         1495    i.Charger_RECData_Pro  bms.o
    0x000017b8   0x000000b4   Code   RO         1941    i.DetectGateway     ethernet.o
    0x0000186c   0x0000000c   Code   RO         1675    i.DisplayMain       display.o
    0x00001878   0x00000062   Code   RO         1677    i.DisplayText       display.o
    0x000018da   0x00000002   PAD
    0x000018dc   0x000002d8   Code   RO         1678    i.DisplayVariableValue  display.o
    0x00001bb4   0x00000190   Code   RO         2288    i.DownstreamCmdHandle  welink.o
    0x00001d44   0x00000066   Code   RO         1680    i.Dwin_ChangeVariableValue_Frame1  display.o
    0x00001daa   0x00000072   Code   RO         1682    i.Dwin_ChangeVariableValue_FrameN  display.o
    0x00001e1c   0x00000028   Code   RO         2289    i.ENETconnect       welink.o
    0x00001e44   0x0000002c   Code   RO         2845    i.Enter_SWRst       can.o
    0x00001e70   0x0000000c   Code   RO         1942    i.EthernetReadByte  ethernet.o
    0x00001e7c   0x0000000c   Code   RO         1943    i.EthernetSendByte  ethernet.o
    0x00001e88   0x0000001c   Code   RO         2983    i.ExRTCSet          rtc.o
    0x00001ea4   0x00000014   Code   RO         1785    i.Fdelay            fram.o
    0x00001eb8   0x00000070   Code   RO         1786    i.FramRead          fram.o
    0x00001f28   0x00000050   Code   RO         1787    i.FramState         fram.o
    0x00001f78   0x000000d0   Code   RO         1788    i.FramWrite         fram.o
    0x00002048   0x000001e4   Code   RO         1738    i.FrameCheck_645_2007  meter.o
    0x0000222c   0x000000ae   Code   RO         1739    i.FramePack_645_2007  meter.o
    0x000022da   0x00000002   PAD
    0x000022dc   0x00000088   Code   RO         2601    i.GPIOInit          gpio.o
    0x00002364   0x00000018   Code   RO         2454    i.HEX_To_BCD        calculator.o
    0x0000237c   0x00000054   Code   RO         2290    i.HardwareSendData  welink.o
    0x000023d0   0x00000038   Code   RO         2455    i.HexToAscStr       calculator.o
    0x00002408   0x00000038   Code   RO         1944    i.LoopBack          ethernet.o
    0x00002440   0x00000118   Code   RO         1740    i.MeterMain         meter.o
    0x00002558   0x00000080   Code   RO         2291    i.MsaLogin          welink.o
    0x000025d8   0x0000002c   Code   RO         2458    i.NBCD_To_HEX_L     calculator.o
    0x00002604   0x00000016   Code   RO         2663    i.NVIC_EnableIRQ    uart.o
    0x0000261a   0x0000000c   Code   RO         1945    i.Ndelay            ethernet.o
    0x00002626   0x00000002   PAD
    0x00002628   0x0000015c   Code   RO         1191    i.OSDebugInit       os_dbg_r.o
    0x00002784   0x00000050   Code   RO          535    i.OSEventNameSet    os_core.o
    0x000027d4   0x00000038   Code   RO          537    i.OSInit            os_core.o
    0x0000280c   0x0000000c   Code   RO          330    i.OSInitHookBegin   os_cpu_c.o
    0x00002818   0x0000008c   Code   RO          539    i.OSIntExit         os_core.o
    0x000028a4   0x00000038   Code   RO          540    i.OSSchedLock       os_core.o
    0x000028dc   0x00000054   Code   RO          541    i.OSSchedUnlock     os_core.o
    0x00002930   0x00000050   Code   RO         1088    i.OSSemCreate       os_sem.o
    0x00002980   0x000000e0   Code   RO         1090    i.OSSemPend         os_sem.o
    0x00002a60   0x0000004e   Code   RO         1092    i.OSSemPost         os_sem.o
    0x00002aae   0x00000002   PAD
    0x00002ab0   0x00000048   Code   RO          542    i.OSStart           os_core.o
    0x00002af8   0x00000040   Code   RO          543    i.OSStatInit        os_core.o
    0x00002b38   0x00000090   Code   RO         1305    i.OSTaskCreate      os_task.o
    0x00002bc8   0x000000a4   Code   RO         1306    i.OSTaskCreateExt   os_task.o
    0x00002c6c   0x00000002   Code   RO          333    i.OSTaskCreateHook  os_cpu_c.o
    0x00002c6e   0x00000002   Code   RO          335    i.OSTaskIdleHook    os_cpu_c.o
    0x00002c70   0x00000064   Code   RO         1310    i.OSTaskNameSet     os_task.o
    0x00002cd4   0x00000002   Code   RO          336    i.OSTaskStatHook    os_cpu_c.o
    0x00002cd6   0x00000002   PAD
    0x00002cd8   0x00000080   Code   RO         1315    i.OSTaskStkChk      os_task.o
    0x00002d58   0x0000009a   Code   RO          337    i.OSTaskStkInit     os_cpu_c.o
    0x00002df2   0x00000002   PAD
    0x00002df4   0x0000009c   Code   RO         1316    i.OSTaskSuspend     os_task.o
    0x00002e90   0x00000002   Code   RO          338    i.OSTaskSwHook      os_cpu_c.o
    0x00002e92   0x00000002   PAD
    0x00002e94   0x00000074   Code   RO         1145    i.OSTimeDly         os_time.o
    0x00002f08   0x00000060   Code   RO         1146    i.OSTimeDlyHMSM     os_time.o
    0x00002f68   0x000000e0   Code   RO          544    i.OSTimeTick        os_core.o
    0x00003048   0x00000024   Code   RO          339    i.OSTimeTickHook    os_cpu_c.o
    0x0000306c   0x00000014   Code   RO         1214    i.OSTmrSignal       os_tmr.o
    0x00003080   0x000000f4   Code   RO         1220    i.OSTmr_Init        os_tmr.o
    0x00003174   0x00000050   Code   RO         1221    i.OSTmr_InitTask    os_tmr.o
    0x000031c4   0x0000006c   Code   RO         1222    i.OSTmr_Link        os_tmr.o
    0x00003230   0x00000080   Code   RO         1223    i.OSTmr_Task        os_tmr.o
    0x000032b0   0x00000044   Code   RO         1224    i.OSTmr_Unlink      os_tmr.o
    0x000032f4   0x00000090   Code   RO          547    i.OS_EventTaskRdy   os_core.o
    0x00003384   0x0000002a   Code   RO          548    i.OS_EventTaskRemove  os_core.o
    0x000033ae   0x0000003a   Code   RO          549    i.OS_EventTaskRemoveMulti  os_core.o
    0x000033e8   0x0000007c   Code   RO          550    i.OS_EventTaskWait  os_core.o
    0x00003464   0x0000001c   Code   RO          552    i.OS_EventWaitListInit  os_core.o
    0x00003480   0x00000058   Code   RO          770    i.OS_FlagInit       os_flag.o
    0x000034d8   0x00000060   Code   RO          553    i.OS_InitEventList  os_core.o
    0x00003538   0x00000054   Code   RO          554    i.OS_InitMisc       os_core.o
    0x0000358c   0x00000044   Code   RO          555    i.OS_InitRdyList    os_core.o
    0x000035d0   0x00000080   Code   RO          556    i.OS_InitTCBList    os_core.o
    0x00003650   0x00000050   Code   RO          557    i.OS_InitTaskIdle   os_core.o
    0x000036a0   0x00000050   Code   RO          558    i.OS_InitTaskStat   os_core.o
    0x000036f0   0x00000012   Code   RO          559    i.OS_MemClr         os_core.o
    0x00003702   0x00000002   PAD
    0x00003704   0x00000058   Code   RO          914    i.OS_MemInit        os_mem.o
    0x0000375c   0x00000050   Code   RO         1021    i.OS_QInit          os_q.o
    0x000037ac   0x00000070   Code   RO          561    i.OS_Sched          os_core.o
    0x0000381c   0x0000002c   Code   RO          562    i.OS_SchedNew       os_core.o
    0x00003848   0x00000128   Code   RO          564    i.OS_TCBInit        os_core.o
    0x00003970   0x00000020   Code   RO          565    i.OS_TaskIdle       os_core.o
    0x00003990   0x00000084   Code   RO          566    i.OS_TaskStat       os_core.o
    0x00003a14   0x0000003c   Code   RO          567    i.OS_TaskStatStkChk  os_core.o
    0x00003a50   0x0000001a   Code   RO         1318    i.OS_TaskStkClr     os_task.o
    0x00003a6a   0x000000ee   Code   RO         2533    i.Print             print.o
    0x00003b58   0x00000034   Code   RO         2534    i.PrintBIN          print.o
    0x00003b8c   0x0000000c   Code   RO         2535    i.PrintCH           print.o
    0x00003b98   0x0000002c   Code   RO         2536    i.PrintDEC          print.o
    0x00003bc4   0x0000005c   Code   RO         2537    i.PrintFLT          print.o
    0x00003c20   0x00000054   Code   RO         2538    i.PrintHEX          print.o
    0x00003c74   0x00000016   Code   RO         2539    i.PrintSTR          print.o
    0x00003c8a   0x00000002   PAD
    0x00003c8c   0x00000030   Code   RO         2846    i.Quit_SWRst        can.o
    0x00003cbc   0x000000d0   Code   RO         2984    i.RTCInit           rtc.o
    0x00003d8c   0x00000160   Code   RO         2985    i.RTC_IRQHandler    rtc.o
    0x00003eec   0x00000014   Code   RO         2292    i.ReConnectMSA      welink.o
    0x00003f00   0x0000047c   Code   RO         1683    i.ReadDataProcess   display.o
    0x0000437c   0x00000134   Code   RO         1946    i.ReadSocketDataToBuffer  ethernet.o
    0x000044b0   0x0000006c   Code   RO         1947    i.ReadSocket_1Byte  ethernet.o
    0x0000451c   0x00000078   Code   RO         1948    i.ReadSocket_2Byte  ethernet.o
    0x00004594   0x0000001e   Code   RO         1949    i.Read_IR           ethernet.o
    0x000045b2   0x00000002   PAD
    0x000045b4   0x00000074   Code   RO         1950    i.Read_W5500        ethernet.o
    0x00004628   0x00000074   Code   RO         2293    i.RecvDataHandle    welink.o
    0x0000469c   0x00000078   Code   RO         2916    i.SSP0_Init         ssp.o
    0x00004714   0x00000050   Code   RO         2917    i.SSP0_ReadData     ssp.o
    0x00004764   0x00000028   Code   RO         2918    i.SSP0_SendData     ssp.o
    0x0000478c   0x00000090   Code   RO         2922    i.SSP2_Init         ssp.o
    0x0000481c   0x00000050   Code   RO         2923    i.SSP2_ReadData     ssp.o
    0x0000486c   0x00000028   Code   RO         2924    i.SSP2_SendData     ssp.o
    0x00004894   0x00000068   Code   RO         2294    i.SendDataHandle    welink.o
    0x000048fc   0x00000046   Code   RO         1951    i.SocketConnect     ethernet.o
    0x00004942   0x00000002   PAD
    0x00004944   0x00000058   Code   RO         1952    i.Socketn_Config    ethernet.o
    0x0000499c   0x000000f4   Code   RO         1953    i.SysLinkParaInit   ethernet.o
    0x00004a90   0x000000cc   Code   RO           25    i.SystemInit        system_lpc177x_8x.o
    0x00004b5c   0x00000034   Code   RO         1404    i.SystemParameterInit  main.o
    0x00004b90   0x00000058   Code   RO         3021    i.TIMER0_IRQHandler  timer.o
    0x00004be8   0x0000007c   Code   RO         3022    i.Timer0Init        timer.o
    0x00004c64   0x00000080   Code   RO         2664    i.UART0Init         uart.o
    0x00004ce4   0x00000030   Code   RO         2665    i.UART0RxbufClear   uart.o
    0x00004d14   0x00000018   Code   RO         2666    i.UART0SendByte     uart.o
    0x00004d2c   0x0000013c   Code   RO         2668    i.UART0_IRQHandler  uart.o
    0x00004e68   0x00000094   Code   RO         2669    i.UART1Init         uart.o
    0x00004efc   0x00000030   Code   RO         2670    i.UART1RxbufClear   uart.o
    0x00004f2c   0x00000018   Code   RO         2671    i.UART1SendByte     uart.o
    0x00004f44   0x0000001a   Code   RO         2672    i.UART1SendStr      uart.o
    0x00004f5e   0x00000002   PAD
    0x00004f60   0x0000013c   Code   RO         2673    i.UART1_IRQHandler  uart.o
    0x0000509c   0x000000a0   Code   RO         2674    i.UART2Init         uart.o
    0x0000513c   0x00000030   Code   RO         2675    i.UART2RxbufClear   uart.o
    0x0000516c   0x00000018   Code   RO         2676    i.UART2SendByte     uart.o
    0x00005184   0x00000068   Code   RO         2677    i.UART2SendStr      uart.o
    0x000051ec   0x0000013c   Code   RO         2678    i.UART2_IRQHandler  uart.o
    0x00005328   0x00000094   Code   RO         2679    i.UART3Init         uart.o
    0x000053bc   0x00000030   Code   RO         2680    i.UART3RxbufClear   uart.o
    0x000053ec   0x0000013c   Code   RO         2683    i.UART3_IRQHandler  uart.o
    0x00005528   0x00000094   Code   RO         2684    i.UART4Init         uart.o
    0x000055bc   0x00000030   Code   RO         2685    i.UART4RxbufClear   uart.o
    0x000055ec   0x00000144   Code   RO         2688    i.UART4_IRQHandler  uart.o
    0x00005730   0x000001c0   Code   RO         2295    i.UpstreamCmdHandle  welink.o
    0x000058f0   0x0000015c   Code   RO         1954    i.W5500Init         ethernet.o
    0x00005a4c   0x000000d4   Code   RO         1955    i.W5500LoadParameters  ethernet.o
    0x00005b20   0x000000a8   Code   RO         1956    i.W5500SocketRXD    ethernet.o
    0x00005bc8   0x0000002c   Code   RO         1957    i.W5500_Initialization  ethernet.o
    0x00005bf4   0x00000038   Code   RO         2297    i.WelinkMain        welink.o
    0x00005c2c   0x0000006c   Code   RO         2847    i.WriteCAN0         can.o
    0x00005c98   0x00000124   Code   RO         1958    i.WriteSocketDataToBuffer  ethernet.o
    0x00005dbc   0x0000006c   Code   RO         1959    i.WriteSocket_1Byte  ethernet.o
    0x00005e28   0x00000074   Code   RO         1960    i.WriteSocket_2Byte  ethernet.o
    0x00005e9c   0x00000084   Code   RO         1961    i.WriteSocket_4Byte  ethernet.o
    0x00005f20   0x00000074   Code   RO         1962    i.Write_W5500       ethernet.o
    0x00005f94   0x0000000e   Code   RO         3286    i.__scatterload_copy  mc_w.l(handlers.o)
    0x00005fa2   0x00000002   Code   RO         3287    i.__scatterload_null  mc_w.l(handlers.o)
    0x00005fa4   0x0000000e   Code   RO         3288    i.__scatterload_zeroinit  mc_w.l(handlers.o)
    0x00005fb2   0x00000006   Code   RO         2094    i.cmd_02_upload     link .o
    0x00005fb8   0x00000006   Code   RO         2095    i.cmd_04_upload     link .o
    0x00005fbe   0x00000002   PAD
    0x00005fc0   0x00000058   Code   RO         2096    i.cmd_06_upload     link .o
    0x00006018   0x00000050   Code   RO         2097    i.cmd_08_upload     link .o
    0x00006068   0x00000010   Code   RO         2098    i.cmd_101_proess    link .o
    0x00006078   0x0000006c   Code   RO         2099    i.cmd_102_upload    link .o
    0x000060e4   0x00000012   Code   RO         2100    i.cmd_103_proess    link .o
    0x000060f6   0x00000002   PAD
    0x000060f8   0x000001f4   Code   RO         2101    i.cmd_104_upload    link .o
    0x000062ec   0x00000024   Code   RO         2102    i.cmd_105_proess    link .o
    0x00006310   0x00000214   Code   RO         2103    i.cmd_106_upload    link .o
    0x00006524   0x00000002   Code   RO         2104    i.cmd_107_proess    link .o
    0x00006526   0x00000006   Code   RO         2105    i.cmd_108_upload    link .o
    0x0000652c   0x00000002   Code   RO         2106    i.cmd_109_proess    link .o
    0x0000652e   0x00000006   Code   RO         2107    i.cmd_10_upload     link .o
    0x00006534   0x00000006   Code   RO         2108    i.cmd_110_upload    link .o
    0x0000653a   0x00000002   Code   RO         2109    i.cmd_1_proess      link .o
    0x0000653c   0x00000002   Code   RO         2110    i.cmd_201_proess    link .o
    0x0000653e   0x00000002   PAD
    0x00006540   0x000001a8   Code   RO         2111    i.cmd_202_upload    link .o
    0x000066e8   0x00000002   Code   RO         2112    i.cmd_203_proess    link .o
    0x000066ea   0x00000006   Code   RO         2113    i.cmd_204_upload    link .o
    0x000066f0   0x00000002   Code   RO         2114    i.cmd_205_proess    link .o
    0x000066f2   0x00000006   Code   RO         2115    i.cmd_206_upload    link .o
    0x000066f8   0x00000092   Code   RO         2116    i.cmd_3_proess      link .o
    0x0000678a   0x00000002   Code   RO         2117    i.cmd_3_query_2_proess  link .o
    0x0000678c   0x00000002   Code   RO         2118    i.cmd_3_setup_2_proess  link .o
    0x0000678e   0x00000002   Code   RO         2119    i.cmd_5_proess      link .o
    0x00006790   0x00000002   Code   RO         2120    i.cmd_7_proess      link .o
    0x00006792   0x00000002   Code   RO         2121    i.cmd_9_proess      link .o
    0x00006794   0x00000050   Code   RO         3215    i.free              mc_w.l(malloc.o)
    0x000067e4   0x00000070   Code   RO         1405    i.main              main.o
    0x00006854   0x0000006c   Code   RO         3216    i.malloc            mc_w.l(malloc.o)
    0x000068c0   0x00000034   Code   RO         1406    i.taskBMS           main.o
    0x000068f4   0x00000014   Code   RO         1407    i.taskDisplay       main.o
    0x00006908   0x00000014   Code   RO         1408    i.taskMeter         main.o
    0x0000691c   0x00000064   Code   RO         1409    i.taskStart         main.o
    0x00006980   0x0000000a   Code   RO         1410    i.taskWelink        main.o
    0x0000698a   0x00000002   PAD
    0x0000698c   0x00000024   Code   RO          340    i.tickISRHandler    os_cpu_c.o
    0x000069b0   0x00000064   Code   RO          341    i.tick_init         os_cpu_c.o
    0x00006a14   0x00000100   Data   RO          569    .constdata          os_core.o
    0x00006b14   0x00000074   Data   RO         1192    .constdata          os_dbg_r.o
    0x00006b88   0x0000000c   Data   RO         1742    .constdata          meter.o
    0x00006b94   0x00000020   Data   RO         3284    Region$$Table       anon$$obj.o


    Execution Region RW_IRAM1 (Base: 0x10000000, Size: 0x00007048, Max: 0x00010000, ABSOLUTE, COMPRESSED[0x0000006c])

    Base Addr    Size         Type   Attr      Idx    E Section Name        Object

    0x10000000   0x00000010   Data   RW           26    .data               system_lpc177x_8x.o
    0x10000010   0x00000006   Data   RW          342    .data               os_cpu_c.o
    0x10000016   0x00000002   PAD
    0x10000018   0x00000060   Data   RW          570    .data               os_core.o
    0x10000078   0x00000004   Data   RW         1412    .data               main.o
    0x1000007c   0x00000008   Data   RW         1497    .data               bms.o
    0x10000084   0x0000006b   Data   RW         1685    .data               display.o
    0x100000ef   0x00000001   PAD
    0x100000f0   0x00000002   Data   RW         1743    .data               meter.o
    0x100000f2   0x00000002   PAD
    0x100000f4   0x00000044   Data   RW         1964    .data               ethernet.o
    0x10000138   0x00000002   Data   RW         2122    .data               link .o
    0x1000013a   0x00000002   PAD
    0x1000013c   0x00000016   Data   RW         2299    .data               welink.o
    0x10000152   0x00000002   PAD
    0x10000154   0x0000004d   Data   RW         2690    .data               uart.o
    0x100001a1   0x00000003   PAD
    0x100001a4   0x00000014   Data   RW         2850    .data               can.o
    0x100001b8   0x00000025   Data   RW         2986    .data               rtc.o
    0x100001dd   0x00000001   Data   RW         3023    .data               timer.o
    0x100001de   0x00000002   PAD
    0x100001e0   0x00000004   Data   RW         3205    .data               mc_w.l(rand.o)
    0x100001e4   0x00000004   Data   RW         3275    .data               mc_w.l(mvars.o)
    0x100001e8   0x00000004   Data   RW         3276    .data               mc_w.l(mvars.o)
    0x100001ec   0x00001368   Zero   RW          568    .bss                os_core.o
    0x10001554   0x00002720   Zero   RW         1411    .bss                main.o
    0x10003c74   0x0000002c   Zero   RW         1496    .bss                bms.o
    0x10003ca0   0x00000074   Zero   RW         1684    .bss                display.o
    0x10003d14   0x00000430   Zero   RW         1741    .bss                meter.o
    0x10004144   0x00000200   Zero   RW         1963    .bss                ethernet.o
    0x10004344   0x00000280   Zero   RW         2298    .bss                welink.o
    0x100045c4   0x00002800   Zero   RW         2689    .bss                uart.o
    0x10006dc4   0x00000080   Zero   RW         2849    .bss                can.o
    0x10006e44   0x00000004   PAD
    0x10006e48   0x00000000   Zero   RW            2    HEAP                startup_lpc177x_8x.o
    0x10006e48   0x00000200   Zero   RW            1    STACK               startup_lpc177x_8x.o


    Execution Region RW_IRAM2 (Base: 0x20000000, Size: 0x00000000, Max: 0x00008000, ABSOLUTE)

    **** No section assigned to this execution region ****


==============================================================================

Image component sizes


      Code (inc. data)   RO Data    RW Data    ZI Data      Debug   Object Name

      3164        434          0          8         44      15402   bms.o
       454          0          0          0          0       4385   calculator.o
      1016         82          0         20        128       6473   can.o
         0          0          0          0          0       4508   core_cm3.o
      2202        160          0        107        116       8213   display.o
      2892        152          0         68        512      21863   ethernet.o
       420         14          0          0          0       2544   fram.o
       136          4          0          0          0        427   gpio.o
      2012         70          0          2          0      16417   link .o
        64         18          0          0          0        608   lpc177x_8x_clkpwr.o
       366         76          0          4      10016       4577   main.o
       938         38         12          2       1072       3706   meter.o
      2402        424        256         96       4968      23647   os_core.o
       232         40          0          0          0        348   os_cpu_a.o
       350         26          0          6          0      52775   os_cpu_c.o
       348        230        116          0          0       3318   os_dbg_r.o
        88         14          0          0          0       9097   os_flag.o
        88         14          0          0          0        505   os_mem.o
        80          8          0          0          0        527   os_q.o
       382         26          0          0          0       2170   os_sem.o
       718         64          0          0          0       4980   os_task.o
       212         32          0          0          0       1296   os_time.o
       648        138          0          0          0       3615   os_tmr.o
       544         14          0          0          0       4213   print.o
       588         80          0         37          0      19273   rtc.o
       504         46          0          0          0       2848   ssp.o
        36         12        228          0        512        988   startup_lpc177x_8x.o
       204         16          0         16          0        917   system_lpc177x_8x.o
       212         24          0          1          0       1081   timer.o
      2784        280          0         77      10240      28894   uart.o
      1396        102          0         22        640       7493   welink.o

    ----------------------------------------------------------------------
     25514       2638        644        480      28252     257108   Object Totals
         0          0         32          0          0          0   (incl. Generated)
        34          0          0         14          4          0   (incl. Padding)

    ----------------------------------------------------------------------

      Code (inc. data)   RO Data    RW Data    ZI Data      Debug   Library Member Name

        86          0          0          0          0          0   __dczerorl2.o
         0          0          0          0          0          0   entry.o
         0          0          0          0          0          0   entry10a.o
         0          0          0          0          0          0   entry11a.o
         8          4          0          0          0          0   entry2.o
         4          0          0          0          0          0   entry5.o
         0          0          0          0          0          0   entry7b.o
         0          0          0          0          0          0   entry8b.o
         8          4          0          0          0          0   entry9a.o
        30          0          0          0          0          0   handlers.o
        36          8          0          0          0         68   init.o
         0          0          0          0          0          0   iusefp.o
        30          0          0          0          0         68   llshl.o
        36          0          0          0          0         68   llsshr.o
        32          0          0          0          0         68   llushr.o
       188         20          0          0          0        160   malloc.o
        36          0          0          0          0         68   memcpya.o
        36          0          0          0          0        108   memseta.o
         0          0          0          8          0          0   mvars.o
        36         10          0          4          0        136   rand.o
       334          0          0          0          0        148   dadd.o
       186          0          0          0          0        176   depilogue.o
        62          0          0          0          0         80   dfixi.o
        34          0          0          0          0         76   dflti.o
       228          0          0          0          0         96   dmul.o

    ----------------------------------------------------------------------
      1414         46          0         12          0       1320   Library Totals
         4          0          0          0          0          0   (incl. Padding)

    ----------------------------------------------------------------------

      Code (inc. data)   RO Data    RW Data    ZI Data      Debug   Library Name

       566         46          0         12          0        744   mc_w.l
       844          0          0          0          0        576   mf_w.l

    ----------------------------------------------------------------------
      1414         46          0         12          0       1320   Library Totals

    ----------------------------------------------------------------------

==============================================================================


      Code (inc. data)   RO Data    RW Data    ZI Data      Debug   

     26928       2684        644        492      28252     246648   Grand Totals
     26928       2684        644        108      28252     246648   ELF Image Totals (compressed)
     26928       2684        644        108          0          0   ROM Totals

==============================================================================

    Total RO  Size (Code + RO Data)                27572 (  26.93kB)
    Total RW  Size (RW Data + ZI Data)             28744 (  28.07kB)
    Total ROM Size (Code + RO Data + RW Data)      27680 (  27.03kB)

==============================================================================

