Component: ARM Compiler 5.06 update 4 (build 422) Tool: armlink [4d35d2]

==============================================================================

Section Cross References

    startup_lpc177x_8x.o(RESET) refers to startup_lpc177x_8x.o(STACK) for __initial_sp
    startup_lpc177x_8x.o(RESET) refers to startup_lpc177x_8x.o(.text) for Reset_Handler
    startup_lpc177x_8x.o(RESET) refers to os_cpu_a.o(UCOSII_ASM) for OSPendSV
    startup_lpc177x_8x.o(RESET) refers to os_cpu_c.o(i.tickISRHandler) for tickISRHandler
    startup_lpc177x_8x.o(RESET) refers to timer.o(i.TIMER0_IRQHandler) for TIMER0_IRQHandler
    startup_lpc177x_8x.o(RESET) refers to uart.o(i.UART0_IRQHandler) for UART0_IRQHandler
    startup_lpc177x_8x.o(RESET) refers to uart.o(i.UART1_IRQHandler) for UART1_IRQHandler
    startup_lpc177x_8x.o(RESET) refers to uart.o(i.UART2_IRQHandler) for UART2_IRQHandler
    startup_lpc177x_8x.o(RESET) refers to uart.o(i.UART3_IRQHandler) for UART3_IRQHandler
    startup_lpc177x_8x.o(RESET) refers to rtc.o(i.RTC_IRQHandler) for RTC_IRQHandler
    startup_lpc177x_8x.o(RESET) refers to can.o(i.CAN_IRQHandler) for CAN_IRQHandler
    startup_lpc177x_8x.o(RESET) refers to uart.o(i.UART4_IRQHandler) for UART4_IRQHandler
    startup_lpc177x_8x.o(.text) refers to system_lpc177x_8x.o(i.SystemInit) for SystemInit
    startup_lpc177x_8x.o(.text) refers to entry.o(.ARM.Collect$$$$00000000) for __main
    system_lpc177x_8x.o(i.SystemCoreClockUpdate) refers to system_lpc177x_8x.o(.data) for SystemCoreClock
    lpc177x_8x_clkpwr.o(i.CLKPWR_GetCLK) refers to system_lpc177x_8x.o(.data) for SystemCoreClock
    lpc177x_8x_clkpwr.o(i.CLKPWR_SetCLKDiv) refers to system_lpc177x_8x.o(i.SystemCoreClockUpdate) for SystemCoreClockUpdate
    lpc177x_8x_systick.o(i.SYSTICK_ExternalInit) refers to ffltui.o(.text) for __aeabi_ui2f
    lpc177x_8x_systick.o(i.SYSTICK_ExternalInit) refers to cfrcmple.o(.text) for __aeabi_cfrcmple
    lpc177x_8x_systick.o(i.SYSTICK_InternalInit) refers to lpc177x_8x_clkpwr.o(i.CLKPWR_GetCLK) for CLKPWR_GetCLK
    lpc177x_8x_systick.o(i.SYSTICK_InternalInit) refers to ffltui.o(.text) for __aeabi_ui2f
    lpc177x_8x_systick.o(i.SYSTICK_InternalInit) refers to cfrcmple.o(.text) for __aeabi_cfrcmple
    lpc177x_8x_gpio.o(i.FIO_ClearValue) refers to lpc177x_8x_gpio.o(i.GPIO_ClearValue) for GPIO_ClearValue
    lpc177x_8x_gpio.o(i.FIO_HalfWordClearValue) refers to lpc177x_8x_gpio.o(i.FIO_HalfWordGetPointer) for FIO_HalfWordGetPointer
    lpc177x_8x_gpio.o(i.FIO_HalfWordReadValue) refers to lpc177x_8x_gpio.o(i.FIO_HalfWordGetPointer) for FIO_HalfWordGetPointer
    lpc177x_8x_gpio.o(i.FIO_HalfWordSetDir) refers to lpc177x_8x_gpio.o(i.FIO_HalfWordGetPointer) for FIO_HalfWordGetPointer
    lpc177x_8x_gpio.o(i.FIO_HalfWordSetMask) refers to lpc177x_8x_gpio.o(i.FIO_HalfWordGetPointer) for FIO_HalfWordGetPointer
    lpc177x_8x_gpio.o(i.FIO_HalfWordSetValue) refers to lpc177x_8x_gpio.o(i.FIO_HalfWordGetPointer) for FIO_HalfWordGetPointer
    lpc177x_8x_gpio.o(i.FIO_IntCmd) refers to lpc177x_8x_gpio.o(i.GPIO_IntCmd) for GPIO_IntCmd
    lpc177x_8x_gpio.o(i.FIO_ReadValue) refers to lpc177x_8x_gpio.o(i.GPIO_ReadValue) for GPIO_ReadValue
    lpc177x_8x_gpio.o(i.FIO_SetDir) refers to lpc177x_8x_gpio.o(i.GPIO_SetDir) for GPIO_SetDir
    lpc177x_8x_gpio.o(i.FIO_SetMask) refers to lpc177x_8x_gpio.o(i.GPIO_GetPointer) for GPIO_GetPointer
    lpc177x_8x_gpio.o(i.FIO_SetValue) refers to lpc177x_8x_gpio.o(i.GPIO_SetValue) for GPIO_SetValue
    lpc177x_8x_gpio.o(i.GPIO_ClearValue) refers to lpc177x_8x_gpio.o(i.GPIO_GetPointer) for GPIO_GetPointer
    lpc177x_8x_gpio.o(i.GPIO_OutputValue) refers to lpc177x_8x_gpio.o(i.GPIO_ClearValue) for GPIO_ClearValue
    lpc177x_8x_gpio.o(i.GPIO_OutputValue) refers to lpc177x_8x_gpio.o(i.GPIO_SetValue) for GPIO_SetValue
    lpc177x_8x_gpio.o(i.GPIO_ReadValue) refers to lpc177x_8x_gpio.o(i.GPIO_GetPointer) for GPIO_GetPointer
    lpc177x_8x_gpio.o(i.GPIO_SetDir) refers to lpc177x_8x_gpio.o(i.GPIO_GetPointer) for GPIO_GetPointer
    lpc177x_8x_gpio.o(i.GPIO_SetValue) refers to lpc177x_8x_gpio.o(i.GPIO_GetPointer) for GPIO_GetPointer
    os_cpu_a.o(UCOSII_ASM) refers to os_cpu_c.o(.data) for OsEnterSum
    os_cpu_a.o(UCOSII_ASM) refers to os_core.o(.data) for OSRunning
    os_cpu_a.o(UCOSII_ASM) refers to os_cpu_c.o(i.OSTaskSwHook) for OSTaskSwHook
    os_cpu_c.o(i.OSInitHookBegin) refers to os_cpu_c.o(.data) for OSTmrCtr
    os_cpu_c.o(i.OSTimeTickHook) refers to os_tmr.o(i.OSTmrSignal) for OSTmrSignal
    os_cpu_c.o(i.OSTimeTickHook) refers to os_cpu_c.o(.data) for OSTmrCtr
    os_cpu_c.o(i.tickISRHandler) refers to os_cpu_a.o(UCOSII_ASM) for OS_ENTER_CRITICAL
    os_cpu_c.o(i.tickISRHandler) refers to os_core.o(i.OSTimeTick) for OSTimeTick
    os_cpu_c.o(i.tickISRHandler) refers to os_core.o(i.OSIntExit) for OSIntExit
    os_cpu_c.o(i.tickISRHandler) refers to os_core.o(.data) for OSIntNesting
    os_cpu_c.o(i.tick_init) refers to lpc177x_8x_clkpwr.o(i.CLKPWR_GetCLK) for CLKPWR_GetCLK
[...]
    i.SSP2_Init                              0x00004750   Section        0  ssp.o(i.SSP2_Init)
    i.SSP2_ReadData                          0x000047e0   Section        0  ssp.o(i.SSP2_ReadData)
    i.SSP2_SendData                          0x00004830   Section        0  ssp.o(i.SSP2_SendData)
    i.SendDataHandle                         0x00004858   Section        0  welink.o(i.SendDataHandle)
    i.SocketConnect                          0x000048c0   Section        0  ethernet.o(i.SocketConnect)
    i.Socketn_Config                         0x00004908   Section        0  ethernet.o(i.Socketn_Config)
    i.SysLinkParaInit                        0x00004960   Section        0  ethernet.o(i.SysLinkParaInit)
    i.SystemInit                             0x00004a54   Section        0  system_lpc177x_8x.o(i.SystemInit)
    i.SystemParameterInit                    0x00004b20   Section        0  main.o(i.SystemParameterInit)
    SystemParameterInit                      0x00004b21   Thumb Code    38  main.o(i.SystemParameterInit)
    i.TIMER0_IRQHandler                      0x00004b54   Section        0  timer.o(i.TIMER0_IRQHandler)
    i.Timer0Init                             0x00004bac   Section        0  timer.o(i.Timer0Init)
    i.UART0Init                              0x00004c28   Section        0  uart.o(i.UART0Init)
    i.UART0RxbufClear                        0x00004ca8   Section        0  uart.o(i.UART0RxbufClear)
    i.UART0SendByte                          0x00004cd8   Section        0  uart.o(i.UART0SendByte)
    i.UART0_IRQHandler                       0x00004cf0   Section        0  uart.o(i.UART0_IRQHandler)
    i.UART1Init                              0x00004e2c   Section        0  uart.o(i.UART1Init)
    i.UART1RxbufClear                        0x00004ec0   Section        0  uart.o(i.UART1RxbufClear)
    i.UART1SendByte                          0x00004ef0   Section        0  uart.o(i.UART1SendByte)
    i.UART1SendStr                           0x00004f08   Section        0  uart.o(i.UART1SendStr)
    i.UART1_IRQHandler                       0x00004f24   Section        0  uart.o(i.UART1_IRQHandler)
    i.UART2Init                              0x00005060   Section        0  uart.o(i.UART2Init)
    i.UART2RxbufClear                        0x00005100   Section        0  uart.o(i.UART2RxbufClear)
    i.UART2SendByte                          0x00005130   Section        0  uart.o(i.UART2SendByte)
    i.UART2SendStr                           0x00005148   Section        0  uart.o(i.UART2SendStr)
    i.UART2_IRQHandler                       0x000051b0   Section        0  uart.o(i.UART2_IRQHandler)
    i.UART3Init                              0x000052ec   Section        0  uart.o(i.UART3Init)
    i.UART3RxbufClear                        0x00005380   Section        0  uart.o(i.UART3RxbufClear)
    i.UART3_IRQHandler                       0x000053b0   Section        0  uart.o(i.UART3_IRQHandler)
    i.UART4Init                              0x000054ec   Section        0  uart.o(i.UART4Init)
    i.UART4RxbufClear                        0x00005580   Section        0  uart.o(i.UART4RxbufClear)
    i.UART4_IRQHandler                       0x000055b0   Section        0  uart.o(i.UART4_IRQHandler)
    i.UpstreamCmdHandle                      0x000056f4   Section        0  welink.o(i.UpstreamCmdHandle)
    i.W5500Init                              0x000058b4   Section        0  ethernet.o(i.W5500Init)
    i.W5500LoadParameters                    0x00005a10   Section        0  ethernet.o(i.W5500LoadParameters)
    i.W5500SocketRXD                         0x00005ae4   Section        0  ethernet.o(i.W5500SocketRXD)
    i.W5500_Initialization                   0x00005b8c   Section        0  ethernet.o(i.W5500_Initialization)
    i.WelinkMain                             0x00005bb8   Section        0  welink.o(i.WelinkMain)
    i.WriteCAN0                              0x00005bf0   Section        0  can.o(i.WriteCAN0)
    i.WriteSocketDataToBuffer                0x00005c5c   Section        0  ethernet.o(i.WriteSocketDataToBuffer)
    i.WriteSocket_1Byte                      0x00005d80   Section        0  ethernet.o(i.WriteSocket_1Byte)
    i.WriteSocket_2Byte                      0x00005dec   Section        0  ethernet.o(i.WriteSocket_2Byte)
    i.WriteSocket_4Byte                      0x00005e60   Section        0  ethernet.o(i.WriteSocket_4Byte)
    i.Write_W5500                            0x00005ee4   Section        0  ethernet.o(i.Write_W5500)
    i.__scatterload_copy                     0x00005f58   Section       14  handlers.o(i.__scatterload_copy)
    i.__scatterload_null                     0x00005f66   Section        2  handlers.o(i.__scatterload_null)
    i.__scatterload_zeroinit                 0x00005f68   Section       14  handlers.o(i.__scatterload_zeroinit)
    i.cmd_02_upload                          0x00005f76   Section        0  link .o(i.cmd_02_upload)
    i.cmd_04_upload                          0x00005f7c   Section        0  link .o(i.cmd_04_upload)
    i.cmd_06_upload                          0x00005f84   Section        0  link .o(i.cmd_06_upload)
    i.cmd_08_upload                          0x00005fdc   Section        0  link .o(i.cmd_08_upload)
    i.cmd_101_proess                         0x0000602c   Section        0  link .o(i.cmd_101_proess)
    i.cmd_102_upload                         0x0000603c   Section        0  link .o(i.cmd_102_upload)
    i.cmd_103_proess                         0x000060a8   Section        0  link .o(i.cmd_103_proess)
    i.cmd_104_upload                         0x000060bc   Section        0  link .o(i.cmd_104_upload)
    i.cmd_105_proess                         0x000062b0   Section        0  link .o(i.cmd_105_proess)
    i.cmd_106_upload                         0x000062d4   Section        0  link .o(i.cmd_106_upload)
    i.cmd_107_proess                         0x000064e8   Section        0  link .o(i.cmd_107_proess)
    i.cmd_108_upload                         0x000064ea   Section        0  link .o(i.cmd_108_upload)
    i.cmd_109_proess                         0x000064f0   Section        0  link .o(i.cmd_109_proess)
    i.cmd_10_upload                          0x000064f2   Section        0  link .o(i.cmd_10_upload)
    i.cmd_110_upload                         0x000064f8   Section        0  link .o(i.cmd_110_upload)
    i.cmd_1_proess                           0x000064fe   Section        0  link .o(i.cmd_1_proess)
    i.cmd_201_proess                         0x00006500   Section        0  link .o(i.cmd_201_proess)
    i.cmd_202_upload                         0x00006504   Section        0  link .o(i.cmd_202_upload)
    i.cmd_203_proess                         0x000066ac   Section        0  link .o(i.cmd_203_proess)
    i.cmd_204_upload                         0x000066ae   Section        0  link .o(i.cmd_204_upload)
    i.cmd_205_proess                         0x000066b4   Section        0  link .o(i.cmd_205_proess)
    i.cmd_206_upload                         0x000066b6   Section        0  link .o(i.cmd_206_upload)
    i.cmd_3_proess                           0x000066bc   Section        0  link .o(i.cmd_3_proess)
    i.cmd_3_query_2_proess                   0x0000674e   Section        0  link .o(i.cmd_3_query_2_proess)
    i.cmd_3_setup_2_proess                   0x00006750   Section        0  link .o(i.cmd_3_setup_2_proess)
    i.cmd_5_proess                           0x00006752   Section        0  link .o(i.cmd_5_proess)
    i.cmd_7_proess                           0x00006754   Section        0  link .o(i.cmd_7_proess)
    i.cmd_9_proess                           0x00006756   Section        0  link .o(i.cmd_9_proess)
    i.free                                   0x00006758   Section        0  malloc.o(i.free)
    i.main                                   0x000067a8   Section        0  main.o(i.main)
    i.malloc                                 0x00006818   Section        0  malloc.o(i.malloc)
    i.taskBMS                                0x00006884   Section        0  main.o(i.taskBMS)
    taskBMS                                  0x00006885   Thumb Code    42  main.o(i.taskBMS)
    i.taskDisplay                            0x000068b8   Section        0  main.o(i.taskDisplay)
    taskDisplay                              0x000068b9   Thumb Code    20  main.o(i.taskDisplay)
    i.taskMeter                              0x000068cc   Section        0  main.o(i.taskMeter)
    taskMeter                                0x000068cd   Thumb Code    20  main.o(i.taskMeter)
    i.taskStart                              0x000068e0   Section        0  main.o(i.taskStart)
    taskStart                                0x000068e1   Thumb Code    66  main.o(i.taskStart)
    i.taskWelink                             0x00006944   Section        0  main.o(i.taskWelink)
    taskWelink                               0x00006945   Thumb Code    10  main.o(i.taskWelink)
    i.tickISRHandler                         0x00006950   Section        0  os_cpu_c.o(i.tickISRHandler)
    i.tick_init                              0x00006974   Section        0  os_cpu_c.o(i.tick_init)
    .constdata                               0x000069d8   Section      256  os_core.o(.constdata)
    .constdata                               0x00006ad8   Section      116  os_dbg_r.o(.constdata)
    .constdata                               0x00006b4c   Section       12  meter.o(.constdata)
    .data                                    0x10000000   Section       16  system_lpc177x_8x.o(.data)
    .data                                    0x10000010   Section        6  os_cpu_c.o(.data)
    OSTmrCtr                                 0x10000014   Data           2  os_cpu_c.o(.data)
    .data                                    0x10000018   Section       96  os_core.o(.data)
    .data                                    0x10000078   Section        4  main.o(.data)
    .data                                    0x1000007c   Section        8  bms.o(.data)
    .data                                    0x10000084   Section      107  display.o(.data)
    .data                                    0x100000f0   Section        2  meter.o(.data)
    .data                                    0x100000f4   Section       68  ethernet.o(.data)
    i                                        0x10000134   Data           4  ethernet.o(.data)
    .data                                    0x10000138   Section        2  link .o(.data)
    HeartBeatCnt                             0x10000138   Data           2  link .o(.data)
    .data                                    0x1000013c   Section       22  welink.o(.data)
    NoReport                                 0x1000013d   Data           1  welink.o(.data)
    i                                        0x10000150   Data           2  welink.o(.data)
    .data                                    0x10000154   Section       77  uart.o(.data)
    .data                                    0x100001a4   Section       20  can.o(.data)
    .data                                    0x100001b8   Section       37  rtc.o(.data)
    tmp                                      0x100001dc   Data           1  rtc.o(.data)
    .data                                    0x100001dd   Section        1  timer.o(.data)
    WDTCnt                                   0x100001dd   Data           1  timer.o(.data)
    .data                                    0x100001e0   Section        4  rand.o(.data)
    _rand_state                              0x100001e0   Data           4  rand.o(.data)
    .data                                    0x100001e4   Section        4  mvars.o(.data)
    .data                                    0x100001e8   Section        4  mvars.o(.data)
    .bss                                     0x100001ec   Section     4968  os_core.o(.bss)
    .bss                                     0x10001554   Section    10016  main.o(.bss)
    GstkStart                                0x10001554   Data         400  main.o(.bss)
    GstkDISPLAY                              0x100016e4   Data        2000  main.o(.bss)
    GstkMETER                                0x10001eb4   Data        1200  main.o(.bss)
    GstkBMS                                  0x10002364   Data        2400  main.o(.bss)
    GstkWelink                               0x10002cc4   Data        4000  main.o(.bss)
    .bss                                     0x10003c74   Section       44  bms.o(.bss)
    .bss                                     0x10003ca0   Section      116  display.o(.bss)
    .bss                                     0x10003d14   Section     1072  meter.o(.bss)
    .bss                                     0x10004144   Section      512  ethernet.o(.bss)
    .bss                                     0x10004344   Section      640  welink.o(.bss)
    .bss                                     0x100045c4   Section    10240  uart.o(.bss)
    .bss                                     0x10006dc4   Section      128  can.o(.bss)
    HEAP                                     0x10006e48   Section        0  startup_lpc177x_8x.o(HEAP)
    STACK                                    0x10006e48   Section      512  startup_lpc177x_8x.o(STACK)

    Global Symbols

    Symbol Name                              Value     Ov Type        Size  Object(Section)

    BuildAttributes$$THM_ISAv4$P$D$K$B$S$PE$A:L22UL41UL21$X:L11$S22US41US21$IEEE1$IW$USESV6$~STKCKD$USESV7$~SHL$OTIME$ROPI$EBA8$MICROLIB$REQ8$PRES8$EABIv2 0x00000000   Number         0  anon$$obj.o ABSOLUTE
    __ARM_use_no_argv                        0x00000000   Number         0  main.o ABSOLUTE
    __Vectors                                0x00000000   Data           4  startup_lpc177x_8x.o(RESET)
    __cpp_initialize__aeabi_                  - Undefined Weak Reference
    __cxa_finalize                            - Undefined Weak Reference
    _clock_init                               - Undefined Weak Reference
    _microlib_exit                            - Undefined Weak Reference
    __main                                   0x000000e5   Thumb Code     0  entry.o(.ARM.Collect$$$$00000000)
    _main_stk                                0x000000e5   Thumb Code     0  entry2.o(.ARM.Collect$$$$00000001)
    _main_scatterload                        0x000000e9   Thumb Code     0  entry5.o(.ARM.Collect$$$$00000004)
    __main_after_scatterload                 0x000000ed   Thumb Code     0  entry5.o(.ARM.Collect$$$$00000004)
    _main_clock                              0x000000ed   Thumb Code     0  entry7b.o(.ARM.Collect$$$$00000008)
    _main_cpp_init                           0x000000ed   Thumb Code     0  entry8b.o(.ARM.Collect$$$$0000000A)
    _main_init                               0x000000ed   Thumb Code     0  entry9a.o(.ARM.Collect$$$$0000000B)
    __rt_final_cpp                           0x000000f5   Thumb Code     0  entry10a.o(.ARM.Collect$$$$0000000D)
    __rt_final_exit                          0x000000f5   Thumb Code     0  entry11a.o(.ARM.Collect$$$$0000000F)
    Reset_Handler                            0x000000f9   Thumb Code     8  startup_lpc177x_8x.o(.text)
    NMI_Handler                              0x00000101   Thumb Code     2  startup_lpc177x_8x.o(.text)
    HardFault_Handler                        0x00000103   Thumb Code     2  startup_lpc177x_8x.o(.text)
    MemManage_Handler                        0x00000105   Thumb Code     2  startup_lpc177x_8x.o(.text)
    BusFault_Handler                         0x00000107   Thumb Code     2  startup_lpc177x_8x.o(.text)
    UsageFault_Handler                       0x00000109   Thumb Code     2  startup_lpc177x_8x.o(.text)
    SVC_Handler                              0x0000010b   Thumb Code     2  startup_lpc177x_8x.o(.text)
    DebugMon_Handler                         0x0000010d   Thumb Code     2  startup_lpc177x_8x.o(.text)
    ADC_IRQHandler                           0x0000010f   Thumb Code     0  startup_lpc177x_8x.o(.text)
    BOD_IRQHandler                           0x0000010f   Thumb Code     0  startup_lpc177x_8x.o(.text)
    CANActivity_IRQHandler                   0x0000010f   Thumb Code     0  startup_lpc177x_8x.o(.text)
    DMA_IRQHandler                           0x0000010f   Thumb Code     0  startup_lpc177x_8x.o(.text)
    EEPROM_IRQHandler                        0x0000010f   Thumb Code     0  startup_lpc177x_8x.o(.text)
    EINT0_IRQHandler                         0x0000010f   Thumb Code     0  startup_lpc177x_8x.o(.text)
    EINT1_IRQHandler                         0x0000010f   Thumb Code     0  startup_lpc177x_8x.o(.text)
    EINT2_IRQHandler                         0x0000010f   Thumb Code     0  startup_lpc177x_8x.o(.text)
    EINT3_IRQHandler                         0x0000010f   Thumb Code     0  startup_lpc177x_8x.o(.text)
    ENET_IRQHandler                          0x0000010f   Thumb Code     0  startup_lpc177x_8x.o(.text)
    GPIO_IRQHandler                          0x0000010f   Thumb Code     0  startup_lpc177x_8x.o(.text)
    I2C0_IRQHandler                          0x0000010f   Thumb Code     0  startup_lpc177x_8x.o(.text)
    I2C1_IRQHandler                          0x0000010f   Thumb Code     0  startup_lpc177x_8x.o(.text)
    I2C2_IRQHandler                          0x0000010f   Thumb Code     0  startup_lpc177x_8x.o(.text)
    I2S_IRQHandler                           0x0000010f   Thumb Code     0  startup_lpc177x_8x.o(.text)
    LCD_IRQHandler                           0x0000010f   Thumb Code     0  startup_lpc177x_8x.o(.text)
    MCI_IRQHandler                           0x0000010f   Thumb Code     0  startup_lpc177x_8x.o(.text)
    MCPWM_IRQHandler                         0x0000010f   Thumb Code     0  startup_lpc177x_8x.o(.text)
    PLL0_IRQHandler                          0x0000010f   Thumb Code     0  startup_lpc177x_8x.o(.text)
    PLL1_IRQHandler                          0x0000010f   Thumb Code     0  startup_lpc177x_8x.o(.text)
    PWM0_IRQHandler                          0x0000010f   Thumb Code     0  startup_lpc177x_8x.o(.text)
    PWM1_IRQHandler                          0x0000010f   Thumb Code     0  startup_lpc177x_8x.o(.text)
    QEI_IRQHandler                           0x0000010f   Thumb Code     0  startup_lpc177x_8x.o(.text)
    SPIFI_IRQHandler                         0x0000010f   Thumb Code     0  startup_lpc177x_8x.o(.text)
    SSP0_IRQHandler                          0x0000010f   Thumb Code     0  startup_lpc177x_8x.o(.text)
    SSP1_IRQHandler                          0x0000010f   Thumb Code     0  startup_lpc177x_8x.o(.text)
    SSP2_IRQHandler                          0x0000010f   Thumb Code     0  startup_lpc177x_8x.o(.text)
    TIMER1_IRQHandler                        0x0000010f   Thumb Code     0  startup_lpc177x_8x.o(.text)
    TIMER2_IRQHandler                        0x0000010f   Thumb Code     0  startup_lpc177x_8x.o(.text)
    TIMER3_IRQHandler                        0x0000010f   Thumb Code     0  startup_lpc177x_8x.o(.text)
    USBActivity_IRQHandler                   0x0000010f   Thumb Code     0  startup_lpc177x_8x.o(.text)
    USB_IRQHandler                           0x0000010f   Thumb Code     0  startup_lpc177x_8x.o(.text)
    WDT_IRQHandler                           0x0000010f   Thumb Code     0  startup_lpc177x_8x.o(.text)
    rand                                     0x00000119   Thumb Code    20  rand.o(.text)
    srand                                    0x0000012d   Thumb Code     6  rand.o(.text)
    __aeabi_memcpy                           0x0000013d   Thumb Code    36  memcpya.o(.text)
    __aeabi_memcpy4                          0x0000013d   Thumb Code     0  memcpya.o(.text)
    __aeabi_memcpy8                          0x0000013d   Thumb Code     0  memcpya.o(.text)
    __aeabi_memset                           0x00000161   Thumb Code    14  memseta.o(.text)
    __aeabi_memset4                          0x00000161   Thumb Code     0  memseta.o(.text)
    __aeabi_memset8                          0x00000161   Thumb Code     0  memseta.o(.text)
    __aeabi_memclr                           0x0000016f   Thumb Code     4  memseta.o(.text)
    __aeabi_memclr4                          0x0000016f   Thumb Code     0  memseta.o(.text)
    __aeabi_memclr8                          0x0000016f   Thumb Code     0  memseta.o(.text)
    _memset$wrapper                          0x00000173   Thumb Code    18  memseta.o(.text)
    __aeabi_dadd                             0x00000185   Thumb Code   322  dadd.o(.text)
    __aeabi_dsub                             0x000002c7   Thumb Code     6  dadd.o(.text)
    __aeabi_drsub                            0x000002cd   Thumb Code     6  dadd.o(.text)
    __aeabi_i2d                              0x000002d3   Thumb Code    34  dflti.o(.text)
    CCS_Analyse                              0x000002f5   Thumb Code     2  bms.o(i.CCS_Analyse)
    __I$use$fp                               0x000002f5   Thumb Code     0  iusefp.o(.text)
    CTS_Analyse                              0x000002f7   Thumb Code     2  bms.o(i.CTS_Analyse)
    OSInitHookEnd                            0x000002f9   Thumb Code     2  os_cpu_c.o(i.OSInitHookEnd)
    OSTCBInitHook                            0x000002fb   Thumb Code     2  os_cpu_c.o(i.OSTCBInitHook)
    __aeabi_dmul                             0x00000301   Thumb Code   228  dmul.o(.text)
    __aeabi_d2iz                             0x000003e5   Thumb Code    62  dfixi.o(.text)
    __aeabi_llsl                             0x00000423   Thumb Code    30  llshl.o(.text)
    _ll_shift_l                              0x00000423   Thumb Code     0  llshl.o(.text)
    __aeabi_llsr                             0x00000441   Thumb Code    32  llushr.o(.text)
    _ll_ushift_r                             0x00000441   Thumb Code     0  llushr.o(.text)
    __aeabi_lasr                             0x00000461   Thumb Code    36  llsshr.o(.text)
    _ll_sshift_r                             0x00000461   Thumb Code     0  llsshr.o(.text)
    _double_round                            0x00000485   Thumb Code    30  depilogue.o(.text)
    _double_epilogue                         0x000004a3   Thumb Code   156  depilogue.o(.text)
    __scatterload                            0x00000541   Thumb Code    28  init.o(.text)
    __scatterload_rt2                        0x00000541   Thumb Code     0  init.o(.text)
    __decompress                             0x00000565   Thumb Code     0  __dczerorl2.o(.text)
    __decompress1                            0x00000565   Thumb Code    86  __dczerorl2.o(.text)
    OS_ENTER_CRITICAL                        0x000005bd   Thumb Code     0  os_cpu_a.o(UCOSII_ASM)
    OS_EXIT_CRITICAL                         0x000005cf   Thumb Code     0  os_cpu_a.o(UCOSII_ASM)
    OSStartHighRdy                           0x000005eb   Thumb Code     0  os_cpu_a.o(UCOSII_ASM)
    OSCtxSw                                  0x0000060d   Thumb Code     0  os_cpu_a.o(UCOSII_ASM)
    OSIntCtxSw                               0x0000061b   Thumb Code     0  os_cpu_a.o(UCOSII_ASM)
    OSPendSV                                 0x0000062b   Thumb Code     0  os_cpu_a.o(UCOSII_ASM)
    intDisAll                                0x00000679   Thumb Code     0  os_cpu_a.o(UCOSII_ASM)
    ASCII_To_HEX                             0x000006a5   Thumb Code   248  calculator.o(i.ASCII_To_HEX)
    AscToHexStr                              0x0000079d   Thumb Code    42  calculator.o(i.AscToHexStr)
    BCD_To_HEX                               0x000007c7   Thumb Code    40  calculator.o(i.BCD_To_HEX)
    BMSMain                                  0x000007f1   Thumb Code   480  bms.o(i.BMSMain)
    BMS_DATA_Packet_Analyse                  0x00001125   Thumb Code   138  bms.o(i.BMS_DATA_Packet_Analyse)
    CANRCV                                   0x000011b9   Thumb Code   106  can.o(i.CANRCV)
    CANSend                                  0x00001229   Thumb Code   214  can.o(i.CANSend)
    CAN_IRQHandler                           0x0000130d   Thumb Code   142  can.o(i.CAN_IRQHandler)
    CAN_Init                                 0x000013b5   Thumb Code   286  can.o(i.CAN_Init)
    CEM_Analyse                              0x000014e9   Thumb Code    14  bms.o(i.CEM_Analyse)
    CHM_Analyse                              0x000014fd   Thumb Code    14  bms.o(i.CHM_Analyse)
    CLKPWR_GetCLK                            0x00001511   Thumb Code    46  lpc177x_8x_clkpwr.o(i.CLKPWR_GetCLK)
    CML_Analyse                              0x00001551   Thumb Code    40  bms.o(i.CML_Analyse)
    CRM_Analyse                              0x00001581   Thumb Code    48  bms.o(i.CRM_Analyse)
    CRO_Analyse                              0x000015b9   Thumb Code    68  bms.o(i.CRO_Analyse)
    CSD_Analyse                              0x0000160d   Thumb Code    22  bms.o(i.CSD_Analyse)
    CST_Analyse                              0x00001629   Thumb Code    84  bms.o(i.CST_Analyse)
    DetectGateway                            0x0000179d   Thumb Code   176  ethernet.o(i.DetectGateway)
    DisplayMain                              0x00001851   Thumb Code    12  display.o(i.DisplayMain)
    DownstreamCmdHandle                      0x00001b8d   Thumb Code   396  welink.o(i.DownstreamCmdHandle)
    ENETconnect                              0x00001df5   Thumb Code    32  welink.o(i.ENETconnect)
    Enter_SWRst                              0x00001e1d   Thumb Code    40  can.o(i.Enter_SWRst)
    EthernetReadByte                         0x00001e49   Thumb Code    12  ethernet.o(i.EthernetReadByte)
    EthernetSendByte                         0x00001e55   Thumb Code    12  ethernet.o(i.EthernetSendByte)
    ExRTCSet                                 0x00001e61   Thumb Code    28  rtc.o(i.ExRTCSet)
    Fdelay                                   0x00001e7d   Thumb Code    20  fram.o(i.Fdelay)
    FramRead                                 0x00001e91   Thumb Code   108  fram.o(i.FramRead)
    FramState                                0x00001f01   Thumb Code    74  fram.o(i.FramState)
    FramWrite                                0x00001f51   Thumb Code   204  fram.o(i.FramWrite)
    GPIOInit                                 0x000022b5   Thumb Code   132  gpio.o(i.GPIOInit)
    HEX_To_BCD                               0x0000233d   Thumb Code    24  calculator.o(i.HEX_To_BCD)
    HardwareSendData                         0x00002355   Thumb Code    74  welink.o(i.HardwareSendData)
    HexToAscStr                              0x000023a9   Thumb Code    56  calculator.o(i.HexToAscStr)
    LoopBack                                 0x000023e1   Thumb Code    40  ethernet.o(i.LoopBack)
    MeterMain                                0x00002419   Thumb Code   242  meter.o(i.MeterMain)
    MsaLogin                                 0x00002531   Thumb Code   116  welink.o(i.MsaLogin)
    NBCD_To_HEX_L                            0x000025b1   Thumb Code    44  calculator.o(i.NBCD_To_HEX_L)
    Ndelay                                   0x000025f3   Thumb Code    12  ethernet.o(i.Ndelay)
    OSDebugInit                              0x00002601   Thumb Code   118  os_dbg_r.o(i.OSDebugInit)
    OSEventNameSet                           0x0000275d   Thumb Code    74  os_core.o(i.OSEventNameSet)
    OSInit                                   0x000027ad   Thumb Code    56  os_core.o(i.OSInit)
    OSInitHookBegin                          0x000027e5   Thumb Code     8  os_cpu_c.o(i.OSInitHookBegin)
    OSIntExit                                0x000027f1   Thumb Code   106  os_core.o(i.OSIntExit)
    OSSchedLock                              0x0000287d   Thumb Code    44  os_core.o(i.OSSchedLock)
    OSSchedUnlock                            0x000028b5   Thumb Code    70  os_core.o(i.OSSchedUnlock)
    OSSemCreate                              0x00002909   Thumb Code    66  os_sem.o(i.OSSemCreate)
    OSSemPend                                0x00002959   Thumb Code   212  os_sem.o(i.OSSemPend)
    OSSemPost                                0x00002a39   Thumb Code    78  os_sem.o(i.OSSemPost)
    OSStart                                  0x00002a89   Thumb Code    48  os_core.o(i.OSStart)
    OSStatInit                               0x00002ad1   Thumb Code    52  os_core.o(i.OSStatInit)
    OSTaskCreate                             0x00002b11   Thumb Code   132  os_task.o(i.OSTaskCreate)
    OSTaskCreateExt                          0x00002ba1   Thumb Code   152  os_task.o(i.OSTaskCreateExt)
    OSTaskCreateHook                         0x00002c45   Thumb Code     2  os_cpu_c.o(i.OSTaskCreateHook)
    OSTaskIdleHook                           0x00002c47   Thumb Code     2  os_cpu_c.o(i.OSTaskIdleHook)
    OSTaskNameSet                            0x00002c49   Thumb Code    86  os_task.o(i.OSTaskNameSet)
    OSTaskStatHook                           0x00002cad   Thumb Code     2  os_cpu_c.o(i.OSTaskStatHook)
    OSTaskStkChk                             0x00002cb1   Thumb Code   118  os_task.o(i.OSTaskStkChk)
    OSTaskStkInit                            0x00002d31   Thumb Code   154  os_cpu_c.o(i.OSTaskStkInit)
    OSTaskSuspend                            0x00002dcd   Thumb Code   140  os_task.o(i.OSTaskSuspend)
    OSTaskSwHook                             0x00002e69   Thumb Code     2  os_cpu_c.o(i.OSTaskSwHook)
    OSTimeDly                                0x00002e6d   Thumb Code    94  os_time.o(i.OSTimeDly)
    OSTimeDlyHMSM                            0x00002ee1   Thumb Code    86  os_time.o(i.OSTimeDlyHMSM)
    OSTimeTick                               0x00002f41   Thumb Code   200  os_core.o(i.OSTimeTick)
    OSTimeTickHook                           0x00003021   Thumb Code    30  os_cpu_c.o(i.OSTimeTickHook)
    OSTmrSignal                              0x00003045   Thumb Code    16  os_tmr.o(i.OSTmrSignal)
    OSTmr_Init                               0x00003059   Thumb Code   168  os_tmr.o(i.OSTmr_Init)
    OS_EventTaskRdy                          0x000032cd   Thumb Code   128  os_core.o(i.OS_EventTaskRdy)
    OS_EventTaskRemove                       0x0000335d   Thumb Code    42  os_core.o(i.OS_EventTaskRemove)
    OS_EventTaskRemoveMulti                  0x00003387   Thumb Code    58  os_core.o(i.OS_EventTaskRemoveMulti)
    OS_EventTaskWait                         0x000033c1   Thumb Code   112  os_core.o(i.OS_EventTaskWait)
    OS_EventWaitListInit                     0x0000343d   Thumb Code    28  os_core.o(i.OS_EventWaitListInit)
    OS_FlagInit                              0x00003459   Thumb Code    74  os_flag.o(i.OS_FlagInit)
    OS_MemClr                                0x000036c9   Thumb Code    18  os_core.o(i.OS_MemClr)
    OS_MemInit                               0x000036dd   Thumb Code    74  os_mem.o(i.OS_MemInit)
    OS_QInit                                 0x00003735   Thumb Code    72  os_q.o(i.OS_QInit)
    OS_Sched                                 0x00003785   Thumb Code    82  os_core.o(i.OS_Sched)
    OS_TCBInit                               0x00003821   Thumb Code   266  os_core.o(i.OS_TCBInit)
    OS_TaskIdle                              0x00003949   Thumb Code    28  os_core.o(i.OS_TaskIdle)
    OS_TaskStat                              0x00003969   Thumb Code   110  os_core.o(i.OS_TaskStat)
    OS_TaskStatStkChk                        0x000039ed   Thumb Code    54  os_core.o(i.OS_TaskStatStkChk)
    OS_TaskStkClr                            0x00003a29   Thumb Code    26  os_task.o(i.OS_TaskStkClr)
    Print                                    0x00003a43   Thumb Code   238  print.o(i.Print)
    PrintBIN                                 0x00003b31   Thumb Code    48  print.o(i.PrintBIN)
    PrintCH                                  0x00003b65   Thumb Code    12  print.o(i.PrintCH)
    PrintDEC                                 0x00003b71   Thumb Code    44  print.o(i.PrintDEC)
    PrintFLT                                 0x00003b9d   Thumb Code    86  print.o(i.PrintFLT)
    PrintHEX                                 0x00003bf9   Thumb Code    80  print.o(i.PrintHEX)
    PrintSTR                                 0x00003c4d   Thumb Code    22  print.o(i.PrintSTR)
    Quit_SWRst                               0x00003c65   Thumb Code    42  can.o(i.Quit_SWRst)
    RTCInit                                  0x00003c95   Thumb Code   190  rtc.o(i.RTCInit)
    RTC_IRQHandler                           0x00003d65   Thumb Code   290  rtc.o(i.RTC_IRQHandler)
    ReConnectMSA                             0x00003ec5   Thumb Code    12  welink.o(i.ReConnectMSA)
    ReadSocketDataToBuffer                   0x00004341   Thumb Code   304  ethernet.o(i.ReadSocketDataToBuffer)
    ReadSocket_1Byte                         0x00004475   Thumb Code   104  ethernet.o(i.ReadSocket_1Byte)
    ReadSocket_2Byte                         0x000044e1   Thumb Code   116  ethernet.o(i.ReadSocket_2Byte)
    Read_IR                                  0x00004559   Thumb Code    30  ethernet.o(i.Read_IR)
    Read_W5500                               0x00004579   Thumb Code   110  ethernet.o(i.Read_W5500)
    RecvDataHandle                           0x000045ed   Thumb Code    92  welink.o(i.RecvDataHandle)
    SSP0_Init                                0x00004661   Thumb Code   106  ssp.o(i.SSP0_Init)
    SSP0_ReadData                            0x000046d9   Thumb Code    76  ssp.o(i.SSP0_ReadData)
    SSP0_SendData                            0x00004729   Thumb Code    34  ssp.o(i.SSP0_SendData)
    SSP2_Init                                0x00004751   Thumb Code   132  ssp.o(i.SSP2_Init)
    SSP2_ReadData                            0x000047e1   Thumb Code    76  ssp.o(i.SSP2_ReadData)
    SSP2_SendData                            0x00004831   Thumb Code    34  ssp.o(i.SSP2_SendData)
    SendDataHandle                           0x00004859   Thumb Code    86  welink.o(i.SendDataHandle)
    SocketConnect                            0x000048c1   Thumb Code    70  ethernet.o(i.SocketConnect)
    Socketn_Config                           0x00004909   Thumb Code    74  ethernet.o(i.Socketn_Config)
    SysLinkParaInit                          0x00004961   Thumb Code   240  ethernet.o(i.SysLinkParaInit)
    SystemInit                               0x00004a55   Thumb Code   188  system_lpc177x_8x.o(i.SystemInit)
    TIMER0_IRQHandler                        0x00004b55   Thumb Code    80  timer.o(i.TIMER0_IRQHandler)
    Timer0Init                               0x00004bad   Thumb Code   108  timer.o(i.Timer0Init)
    UART0Init                                0x00004c29   Thumb Code   110  uart.o(i.UART0Init)
    UART0RxbufClear                          0x00004ca9   Thumb Code    36  uart.o(i.UART0RxbufClear)
    UART0SendByte                            0x00004cd9   Thumb Code    20  uart.o(i.UART0SendByte)
    UART0_IRQHandler                         0x00004cf1   Thumb Code   296  uart.o(i.UART0_IRQHandler)
    UART1Init                                0x00004e2d   Thumb Code   126  uart.o(i.UART1Init)
    UART1RxbufClear                          0x00004ec1   Thumb Code    36  uart.o(i.UART1RxbufClear)
    UART1SendByte                            0x00004ef1   Thumb Code    20  uart.o(i.UART1SendByte)
    UART1SendStr                             0x00004f09   Thumb Code    26  uart.o(i.UART1SendStr)
    UART1_IRQHandler                         0x00004f25   Thumb Code   296  uart.o(i.UART1_IRQHandler)
    UART2Init                                0x00005061   Thumb Code   140  uart.o(i.UART2Init)
    UART2RxbufClear                          0x00005101   Thumb Code    36  uart.o(i.UART2RxbufClear)
    UART2SendByte                            0x00005131   Thumb Code    20  uart.o(i.UART2SendByte)
    UART2SendStr                             0x00005149   Thumb Code    98  uart.o(i.UART2SendStr)
    UART2_IRQHandler                         0x000051b1   Thumb Code   296  uart.o(i.UART2_IRQHandler)
    UART3Init                                0x000052ed   Thumb Code   126  uart.o(i.UART3Init)
    UART3RxbufClear                          0x00005381   Thumb Code    36  uart.o(i.UART3RxbufClear)
    UART3_IRQHandler                         0x000053b1   Thumb Code   296  uart.o(i.UART3_IRQHandler)
    UART4Init                                0x000054ed   Thumb Code   128  uart.o(i.UART4Init)
    UART4RxbufClear                          0x00005581   Thumb Code    36  uart.o(i.UART4RxbufClear)
    UART4_IRQHandler                         0x000055b1   Thumb Code   304  uart.o(i.UART4_IRQHandler)
    UpstreamCmdHandle                        0x000056f5   Thumb Code   440  welink.o(i.UpstreamCmdHandle)
    W5500Init                                0x000058b5   Thumb Code   328  ethernet.o(i.W5500Init)
    W5500LoadParameters                      0x00005a11   Thumb Code   176  ethernet.o(i.W5500LoadParameters)
    W5500SocketRXD                           0x00005ae5   Thumb Code   158  ethernet.o(i.W5500SocketRXD)
    W5500_Initialization                     0x00005b8d   Thumb Code    40  ethernet.o(i.W5500_Initialization)
    WelinkMain                               0x00005bb9   Thumb Code    46  welink.o(i.WelinkMain)
    WriteCAN0                                0x00005bf1   Thumb Code   104  can.o(i.WriteCAN0)
    WriteSocketDataToBuffer                  0x00005c5d   Thumb Code   288  ethernet.o(i.WriteSocketDataToBuffer)
    WriteSocket_1Byte                        0x00005d81   Thumb Code   102  ethernet.o(i.WriteSocket_1Byte)
    WriteSocket_2Byte                        0x00005ded   Thumb Code   110  ethernet.o(i.WriteSocket_2Byte)
    WriteSocket_4Byte                        0x00005e61   Thumb Code   128  ethernet.o(i.WriteSocket_4Byte)
    Write_W5500                              0x00005ee5   Thumb Code   110  ethernet.o(i.Write_W5500)
    __scatterload_copy                       0x00005f59   Thumb Code    14  handlers.o(i.__scatterload_copy)
    __scatterload_null                       0x00005f67   Thumb Code     2  handlers.o(i.__scatterload_null)
    __scatterload_zeroinit                   0x00005f69   Thumb Code    14  handlers.o(i.__scatterload_zeroinit)
    cmd_02_upload                            0x00005f77   Thumb Code     6  link .o(i.cmd_02_upload)
    cmd_04_upload                            0x00005f7d   Thumb Code     6  link .o(i.cmd_04_upload)
    cmd_06_upload                            0x00005f85   Thumb Code    82  link .o(i.cmd_06_upload)
    cmd_08_upload                            0x00005fdd   Thumb Code    74  link .o(i.cmd_08_upload)
    cmd_101_proess                           0x0000602d   Thumb Code    10  link .o(i.cmd_101_proess)
    cmd_102_upload                           0x0000603d   Thumb Code    98  link .o(i.cmd_102_upload)
    cmd_103_proess                           0x000060a9   Thumb Code    18  link .o(i.cmd_103_proess)
    cmd_104_upload                           0x000060bd   Thumb Code   494  link .o(i.cmd_104_upload)
    cmd_105_proess                           0x000062b1   Thumb Code    30  link .o(i.cmd_105_proess)
    cmd_106_upload                           0x000062d5   Thumb Code   524  link .o(i.cmd_106_upload)
    cmd_107_proess                           0x000064e9   Thumb Code     2  link .o(i.cmd_107_proess)
    cmd_108_upload                           0x000064eb   Thumb Code     6  link .o(i.cmd_108_upload)
    cmd_109_proess                           0x000064f1   Thumb Code     2  link .o(i.cmd_109_proess)
    cmd_10_upload                            0x000064f3   Thumb Code     6  link .o(i.cmd_10_upload)
    cmd_110_upload                           0x000064f9   Thumb Code     6  link .o(i.cmd_110_upload)
    cmd_1_proess                             0x000064ff   Thumb Code     2  link .o(i.cmd_1_proess)
    cmd_201_proess                           0x00006501   Thumb Code     2  link .o(i.cmd_201_proess)
    cmd_202_upload                           0x00006505   Thumb Code   418  link .o(i.cmd_202_upload)
    cmd_203_proess                           0x000066ad   Thumb Code     2  link .o(i.cmd_203_proess)
    cmd_204_upload                           0x000066af   Thumb Code     6  link .o(i.cmd_204_upload)
    cmd_205_proess                           0x000066b5   Thumb Code     2  link .o(i.cmd_205_proess)
    cmd_206_upload                           0x000066b7   Thumb Code     6  link .o(i.cmd_206_upload)
    cmd_3_proess                             0x000066bd   Thumb Code   146  link .o(i.cmd_3_proess)
    cmd_3_query_2_proess                     0x0000674f   Thumb Code     2  link .o(i.cmd_3_query_2_proess)
    cmd_3_setup_2_proess                     0x00006751   Thumb Code     2  link .o(i.cmd_3_setup_2_proess)
    cmd_5_proess                             0x00006753   Thumb Code     2  link .o(i.cmd_5_proess)
    cmd_7_proess                             0x00006755   Thumb Code     2  link .o(i.cmd_7_proess)
    cmd_9_proess                             0x00006757   Thumb Code     2  link .o(i.cmd_9_proess)
    free                                     0x00006759   Thumb Code    76  malloc.o(i.free)
    main                                     0x000067a9   Thumb Code    94  main.o(i.main)
    malloc                                   0x00006819   Thumb Code    92  malloc.o(i.malloc)
    tickISRHandler                           0x00006951   Thumb Code    30  os_cpu_c.o(i.tickISRHandler)
    tick_init                                0x00006975   Thumb Code    90  os_cpu_c.o(i.tick_init)
    OSUnMapTbl                               0x000069d8   Data         256  os_core.o(.constdata)
    OSDebugEn                                0x00006ad8   Data           2  os_dbg_r.o(.constdata)
    OSEndiannessTest                         0x00006adc   Data           4  os_dbg_r.o(.constdata)
    OSEventEn                                0x00006ae0   Data           2  os_dbg_r.o(.constdata)
    OSEventMax                               0x00006ae2   Data           2  os_dbg_r.o(.constdata)
    OSEventNameEn                            0x00006ae4   Data           2  os_dbg_r.o(.constdata)
    OSEventSize                              0x00006ae6   Data           2  os_dbg_r.o(.constdata)
    OSEventTblSize                           0x00006ae8   Data           2  os_dbg_r.o(.constdata)
    OSEventMultiEn                           0x00006aea   Data           2  os_dbg_r.o(.constdata)
    OSFlagEn                                 0x00006aec   Data           2  os_dbg_r.o(.constdata)
    OSFlagGrpSize                            0x00006aee   Data           2  os_dbg_r.o(.constdata)
    OSFlagNodeSize                           0x00006af0   Data           2  os_dbg_r.o(.constdata)
    OSFlagWidth                              0x00006af2   Data           2  os_dbg_r.o(.constdata)
    OSFlagMax                                0x00006af4   Data           2  os_dbg_r.o(.constdata)
    OSFlagNameEn                             0x00006af6   Data           2  os_dbg_r.o(.constdata)
    OSLowestPrio                             0x00006af8   Data           2  os_dbg_r.o(.constdata)
    OSMboxEn                                 0x00006afa   Data           2  os_dbg_r.o(.constdata)
    OSMemEn                                  0x00006afc   Data           2  os_dbg_r.o(.constdata)
    OSMemMax                                 0x00006afe   Data           2  os_dbg_r.o(.constdata)
    OSMemNameEn                              0x00006b00   Data           2  os_dbg_r.o(.constdata)
    OSMemSize                                0x00006b02   Data           2  os_dbg_r.o(.constdata)
    OSMemTblSize                             0x00006b04   Data           2  os_dbg_r.o(.constdata)
    OSMutexEn                                0x00006b06   Data           2  os_dbg_r.o(.constdata)
    OSPtrSize                                0x00006b08   Data           2  os_dbg_r.o(.constdata)
    OSQEn                                    0x00006b0a   Data           2  os_dbg_r.o(.constdata)
    OSQMax                                   0x00006b0c   Data           2  os_dbg_r.o(.constdata)
    OSQSize                                  0x00006b0e   Data           2  os_dbg_r.o(.constdata)
    OSRdyTblSize                             0x00006b10   Data           2  os_dbg_r.o(.constdata)
    OSSemEn                                  0x00006b12   Data           2  os_dbg_r.o(.constdata)
    OSStkWidth                               0x00006b14   Data           2  os_dbg_r.o(.constdata)
    OSTaskCreateEn                           0x00006b16   Data           2  os_dbg_r.o(.constdata)
    OSTaskCreateExtEn                        0x00006b18   Data           2  os_dbg_r.o(.constdata)
    OSTaskDelEn                              0x00006b1a   Data           2  os_dbg_r.o(.constdata)
    OSTaskIdleStkSize                        0x00006b1c   Data           2  os_dbg_r.o(.constdata)
    OSTaskProfileEn                          0x00006b1e   Data           2  os_dbg_r.o(.constdata)
    OSTaskMax                                0x00006b20   Data           2  os_dbg_r.o(.constdata)
    OSTaskNameEn                             0x00006b22   Data           2  os_dbg_r.o(.constdata)
    OSTaskStatEn                             0x00006b24   Data           2  os_dbg_r.o(.constdata)
    OSTaskStatStkSize                        0x00006b26   Data           2  os_dbg_r.o(.constdata)
    OSTaskStatStkChkEn                       0x00006b28   Data           2  os_dbg_r.o(.constdata)
    OSTaskSwHookEn                           0x00006b2a   Data           2  os_dbg_r.o(.constdata)
    OSTaskRegTblSize                         0x00006b2c   Data           2  os_dbg_r.o(.constdata)
    OSTCBPrioTblMax                          0x00006b2e   Data           2  os_dbg_r.o(.constdata)
    OSTCBSize                                0x00006b30   Data           2  os_dbg_r.o(.constdata)
    OSTicksPerSec                            0x00006b32   Data           2  os_dbg_r.o(.constdata)
    OSTimeTickHookEn                         0x00006b34   Data           2  os_dbg_r.o(.constdata)
    OSVersionNbr                             0x00006b36   Data           2  os_dbg_r.o(.constdata)
    OSTmrEn                                  0x00006b38   Data           2  os_dbg_r.o(.constdata)
    OSTmrCfgMax                              0x00006b3a   Data           2  os_dbg_r.o(.constdata)
    OSTmrCfgNameEn                           0x00006b3c   Data           2  os_dbg_r.o(.constdata)
    OSTmrCfgWheelSize                        0x00006b3e   Data           2  os_dbg_r.o(.constdata)
    OSTmrCfgTicksPerSec                      0x00006b40   Data           2  os_dbg_r.o(.constdata)
    OSTmrSize                                0x00006b42   Data           2  os_dbg_r.o(.constdata)
    OSTmrTblSize                             0x00006b44   Data           2  os_dbg_r.o(.constdata)
    OSTmrWheelSize                           0x00006b46   Data           2  os_dbg_r.o(.constdata)
    OSTmrWheelTblSize                        0x00006b48   Data           2  os_dbg_r.o(.constdata)
    OSDataSize                               0x00006b4a   Data           2  os_dbg_r.o(.constdata)
    MeterDI                                  0x00006b4c   Data          12  meter.o(.constdata)
    Region$$Table$$Base                      0x00006b58   Number         0  anon$$obj.o(Region$$Table)
    Region$$Table$$Limit                     0x00006b78   Number         0  anon$$obj.o(Region$$Table)
    SystemCoreClock                          0x10000000   Data           4  system_lpc177x_8x.o(.data)
    PeripheralClock                          0x10000004   Data           4  system_lpc177x_8x.o(.data)
    EMCClock                                 0x10000008   Data           4  system_lpc177x_8x.o(.data)
    USBClock                                 0x1000000c   Data           4  system_lpc177x_8x.o(.data)
    OsEnterSum                               0x10000010   Data           4  os_cpu_c.o(.data)
    OSCtxSwCtr                               0x10000018   Data           4  os_core.o(.data)
    OSEventFreeList                          0x1000001c   Data           4  os_core.o(.data)
    OSFlagFreeList                           0x10000020   Data           4  os_core.o(.data)
    OSCPUUsage                               0x10000024   Data           1  os_core.o(.data)
    OSIdleCtrMax                             0x10000028   Data           4  os_core.o(.data)
    OSIdleCtrRun                             0x1000002c   Data           4  os_core.o(.data)
    OSStatRdy                                0x10000030   Data           1  os_core.o(.data)
    OSIntNesting                             0x10000031   Data           1  os_core.o(.data)
    OSLockNesting                            0x10000032   Data           1  os_core.o(.data)
    OSPrioCur                                0x10000033   Data           1  os_core.o(.data)
    OSPrioHighRdy                            0x10000034   Data           1  os_core.o(.data)
    OSRdyGrp                                 0x10000035   Data           1  os_core.o(.data)
    OSRdyTbl                                 0x10000036   Data           8  os_core.o(.data)
    OSRunning                                0x1000003e   Data           1  os_core.o(.data)
    OSTaskCtr                                0x1000003f   Data           1  os_core.o(.data)
    OSIdleCtr                                0x10000040   Data           4  os_core.o(.data)
    OSTCBCur                                 0x10000044   Data           4  os_core.o(.data)
    OSTCBFreeList                            0x10000048   Data           4  os_core.o(.data)
    OSTCBHighRdy                             0x1000004c   Data           4  os_core.o(.data)
    OSTCBList                                0x10000050   Data           4  os_core.o(.data)
    OSTickStepState                          0x10000054   Data           1  os_core.o(.data)
    OSMemFreeList                            0x10000058   Data           4  os_core.o(.data)
    OSQFreeList                              0x1000005c   Data           4  os_core.o(.data)
    OSTime                                   0x10000060   Data           4  os_core.o(.data)
    OSTmrFree                                0x10000064   Data           2  os_core.o(.data)
    OSTmrUsed                                0x10000066   Data           2  os_core.o(.data)
    OSTmrTime                                0x10000068   Data           4  os_core.o(.data)
    OSTmrSem                                 0x1000006c   Data           4  os_core.o(.data)
    OSTmrSemSignal                           0x10000070   Data           4  os_core.o(.data)
    OSTmrFreeList                            0x10000074   Data           4  os_core.o(.data)
    SysTickCnt                               0x10000078   Data           4  main.o(.data)
    ChargerMsg                               0x1000007c   Data           8  bms.o(.data)
    DisplayMessage                           0x10000084   Data           8  display.o(.data)
    Power_RHT                                0x1000008c   Data           3  display.o(.data)
    Power_ERR                                0x1000008f   Data           5  display.o(.data)
    pChargeMode1                             0x10000094   Data           5  display.o(.data)
    pChargeMode2                             0x10000099   Data           5  display.o(.data)
    pBatteryType1                            0x1000009e   Data           9  display.o(.data)
    pBatteryType2                            0x100000a7   Data           9  display.o(.data)
    pBatteryType3                            0x100000b0   Data           9  display.o(.data)
    pBatteryType4                            0x100000b9   Data           9  display.o(.data)
    pBatteryType5                            0x100000c2   Data           9  display.o(.data)
    pBatteryType6                            0x100000cb   Data           9  display.o(.data)
    pBatteryType7                            0x100000d4   Data           9  display.o(.data)
    pBatteryType8                            0x100000dd   Data           9  display.o(.data)
    pBatteryType9                            0x100000e6   Data           9  display.o(.data)
    SndLen                                   0x100000f0   Data           2  meter.o(.data)
    Gateway_IP                               0x100000f4   Data           4  ethernet.o(.data)
    Sub_Mask                                 0x100000f8   Data           4  ethernet.o(.data)
    Phy_Addr                                 0x100000fc   Data           6  ethernet.o(.data)
    IP_Addr                                  0x10000102   Data           4  ethernet.o(.data)
    S0_Port                                  0x10000108   Data           4  ethernet.o(.data)
    S0_DIP                                   0x1000010c   Data           4  ethernet.o(.data)
    S0_DPort                                 0x10000110   Data           4  ethernet.o(.data)
    S1_Port                                  0x10000114   Data           2  ethernet.o(.data)
    S1_DIP                                   0x10000116   Data           4  ethernet.o(.data)
    S1_DPort                                 0x1000011a   Data           2  ethernet.o(.data)
    S2_Port                                  0x1000011c   Data           2  ethernet.o(.data)
    S2_DIP                                   0x1000011e   Data           4  ethernet.o(.data)
    S2_DPort                                 0x10000122   Data           2  ethernet.o(.data)
    S3_Port                                  0x10000124   Data           2  ethernet.o(.data)
    S3_DIP                                   0x10000126   Data           4  ethernet.o(.data)
    S3_DPort                                 0x1000012a   Data           2  ethernet.o(.data)
    S0_State                                 0x1000012c   Data           1  ethernet.o(.data)
    S1_State                                 0x1000012d   Data           1  ethernet.o(.data)
    S2_State                                 0x1000012e   Data           1  ethernet.o(.data)
    S3_State                                 0x1000012f   Data           1  ethernet.o(.data)
    ENETRcvLen                               0x10000130   Data           2  ethernet.o(.data)
    S0_Mode                                  0x10000132   Data           1  ethernet.o(.data)
    WelinkMode                               0x1000013c   Data           1  welink.o(.data)
    TcpConFlag                               0x1000013e   Data           1  welink.o(.data)
    MsaConFlag                               0x1000013f   Data           1  welink.o(.data)
    iHeartBeatAckTimOut                      0x10000140   Data           1  welink.o(.data)
    iTcpSendCnt                              0x10000144   Data           4  welink.o(.data)
    iTcpRecvCnt                              0x10000148   Data           4  welink.o(.data)
    iTcpRvChekSumErrCnt                      0x1000014c   Data           4  welink.o(.data)
    GulNumU0                                 0x10000154   Data           4  uart.o(.data)
    RcvLenU0                                 0x10000158   Data           4  uart.o(.data)
    SndLenU0                                 0x1000015c   Data           4  uart.o(.data)
    RcvNewU0                                 0x10000160   Data           1  uart.o(.data)
    GulNumU1                                 0x10000164   Data           4  uart.o(.data)
    RcvLenU1                                 0x10000168   Data           4  uart.o(.data)
    SndLenU1                                 0x1000016c   Data           4  uart.o(.data)
    RcvNewU1                                 0x10000170   Data           1  uart.o(.data)
    GulNumU2                                 0x10000174   Data           4  uart.o(.data)
    RcvLenU2                                 0x10000178   Data           4  uart.o(.data)
    SndLenU2                                 0x1000017c   Data           4  uart.o(.data)
    RcvNewU2                                 0x10000180   Data           1  uart.o(.data)
    GulNumU3                                 0x10000184   Data           4  uart.o(.data)
    RcvLenU3                                 0x10000188   Data           4  uart.o(.data)
    SndLenU3                                 0x1000018c   Data           4  uart.o(.data)
    RcvNewU3                                 0x10000190   Data           1  uart.o(.data)
    GulNumU4                                 0x10000194   Data           4  uart.o(.data)
    RcvLenU4                                 0x10000198   Data           4  uart.o(.data)
    SndLenU4                                 0x1000019c   Data           4  uart.o(.data)
    RcvNewU4                                 0x100001a0   Data           1  uart.o(.data)
    pwMsgCAN0                                0x100001a4   Data           4  can.o(.data)
    prMsgCAN0                                0x100001a8   Data           4  can.o(.data)
    CANID                                    0x100001ac   Data           4  can.o(.data)
    CAN_Data                                 0x100001b0   Data           8  can.o(.data)
    secflag                                  0x100001b8   Data           1  rtc.o(.data)
    ScnTime                                  0x100001ba   Data           2  rtc.o(.data)
    DspDlyNs                                 0x100001bc   Data           2  rtc.o(.data)
    WelinkTime                               0x100001be   Data           2  rtc.o(.data)
    Ethernet_Reply_Time                      0x100001c0   Data           2  rtc.o(.data)
    ChargedTime                              0x100001c4   Data           4  rtc.o(.data)
    SOChargedTime                            0x100001c8   Data           4  rtc.o(.data)
    ulTimes                                  0x100001cc   Data           4  rtc.o(.data)
    ulDatas                                  0x100001d0   Data           4  rtc.o(.data)
    RTCtimedate                              0x100001d4   Data           8  rtc.o(.data)
    __microlib_freelist                      0x100001e4   Data           4  mvars.o(.data)
    __microlib_freelist_initialised          0x100001e8   Data           4  mvars.o(.data)
    OSEventTbl                               0x100001ec   Data         240  os_core.o(.bss)
    OSFlagTbl                                0x100002dc   Data          80  os_core.o(.bss)
    OSTaskStatStk                            0x1000032c   Data         512  os_core.o(.bss)
    OSTaskIdleStk                            0x1000052c   Data         512  os_core.o(.bss)
    OSTCBPrioTbl                             0x1000072c   Data         256  os_core.o(.bss)
    OSTCBTbl                                 0x1000082c   Data        1936  os_core.o(.bss)
    OSMemTbl                                 0x10000fbc   Data         120  os_core.o(.bss)
    OSQTbl                                   0x10001034   Data          96  os_core.o(.bss)
    OSTmrTbl                                 0x10001094   Data         640  os_core.o(.bss)
    OSTmrTaskStk                             0x10001314   Data         512  os_core.o(.bss)
    OSTmrWheelTbl                            0x10001514   Data          64  os_core.o(.bss)
    Sys_PARA                                 0x10003c64   Data          16  main.o(.bss)
    BMSMessage                               0x10003c74   Data          44  bms.o(.bss)
    RDwinMessage                             0x10003ca0   Data          58  display.o(.bss)
    WDwinMessage                             0x10003cda   Data          58  display.o(.bss)
    SndBuf                                   0x10003d14   Data        1024  meter.o(.bss)
    SMeter                                   0x10004114   Data          24  meter.o(.bss)
    RMeter                                   0x1000412c   Data          24  meter.o(.bss)
    ENETRcvBuf                               0x10004144   Data         512  ethernet.o(.bss)
    TxReport                                 0x10004344   Data         266  welink.o(.bss)
    RxReport                                 0x1000444e   Data         266  welink.o(.bss)
    Welink_PARA                              0x10004558   Data         108  welink.o(.bss)
    RcvBufU0                                 0x100045c4   Data        1024  uart.o(.bss)
    SndBufU0                                 0x100049c4   Data        1024  uart.o(.bss)
    RcvBufU1                                 0x10004dc4   Data        1024  uart.o(.bss)
    SndBufU1                                 0x100051c4   Data        1024  uart.o(.bss)
    RcvBufU2                                 0x100055c4   Data        1024  uart.o(.bss)
    SndBufU2                                 0x100059c4   Data        1024  uart.o(.bss)
    RcvBufU3                                 0x10005dc4   Data        1024  uart.o(.bss)
    SndBufU3                                 0x100061c4   Data        1024  uart.o(.bss)
    RcvBufU4                                 0x100065c4   Data        1024  uart.o(.bss)
    SndBufU4                                 0x100069c4   Data        1024  uart.o(.bss)
    MsgCAN0BUF                               0x10006dc4   Data          80  can.o(.bss)
    MessageDetailT                           0x10006e14   Data          16  can.o(.bss)
    MessageCAN0                              0x10006e24   Data          16  can.o(.bss)
    MessageCAN1                              0x10006e34   Data          16  can.o(.bss)
    __heap_base                              0x10006e48   Data           0  startup_lpc177x_8x.o(HEAP)
    __heap_limit                             0x10006e48   Data           0  startup_lpc177x_8x.o(HEAP)
    __initial_sp                             0x10007048   Data           0  startup_lpc177x_8x.o(STACK)



==============================================================================

Memory Map of the image

  Image Entry point : 0x000000e5

  Load Region LR_IROM1 (Base: 0x00000000, Size: 0x00006d64, Max: 0x00080000, ABSOLUTE, COMPRESSED[0x00006be4])

    Execution Region ER_IROM1 (Base: 0x00000000, Size: 0x00006b78, Max: 0x00080000, ABSOLUTE)

    Base Addr    Size         Type   Attr      Idx    E Section Name        Object

    0x00000000   0x000000e4   Data   RO            3    RESET               startup_lpc177x_8x.o
    0x000000e4   0x00000000   Code   RO         3159  * .ARM.Collect$$$$00000000  mc_w.l(entry.o)
    0x000000e4   0x00000004   Code   RO         3213    .ARM.Collect$$$$00000001  mc_w.l(entry2.o)
    0x000000e8   0x00000004   Code   RO         3216    .ARM.Collect$$$$00000004  mc_w.l(entry5.o)
    0x000000ec   0x00000000   Code   RO         3218    .ARM.Collect$$$$00000008  mc_w.l(entry7b.o)
    0x000000ec   0x00000000   Code   RO         3220    .ARM.Collect$$$$0000000A  mc_w.l(entry8b.o)
    0x000000ec   0x00000008   Code   RO         3221    .ARM.Collect$$$$0000000B  mc_w.l(entry9a.o)
    0x000000f4   0x00000000   Code   RO         3223    .ARM.Collect$$$$0000000D  mc_w.l(entry10a.o)
    0x000000f4   0x00000000   Code   RO         3225    .ARM.Collect$$$$0000000F  mc_w.l(entry11a.o)
    0x000000f4   0x00000004   Code   RO         3214    .ARM.Collect$$$$00002712  mc_w.l(entry2.o)
    0x000000f8   0x00000020   Code   RO            5    .text               startup_lpc177x_8x.o
    0x00000118   0x00000024   Code   RO         3162    .text               mc_w.l(rand.o)
    0x0000013c   0x00000024   Code   RO         3165    .text               mc_w.l(memcpya.o)
    0x00000160   0x00000024   Code   RO         3167    .text               mc_w.l(memseta.o)
    0x00000184   0x0000014e   Code   RO         3201    .text               mf_w.l(dadd.o)
    0x000002d2   0x00000022   Code   RO         3207    .text               mf_w.l(dflti.o)
    0x000002f4   0x00000000   Code   RO         3235    .text               mc_w.l(iusefp.o)
    0x000002f4   0x00000002   Code   RO         1453    i.CCS_Analyse       bms.o
    0x000002f6   0x00000002   Code   RO         1461    i.CTS_Analyse       bms.o
    0x000002f8   0x00000002   Code   RO          331    i.OSInitHookEnd     os_cpu_c.o
    0x000002fa   0x00000002   Code   RO          332    i.OSTCBInitHook     os_cpu_c.o
    0x000002fc   0x00000004   Code   RO            4    .ARM.__at_0x02FC    startup_lpc177x_8x.o
    0x00000300   0x000000e4   Code   RO         3203    .text               mf_w.l(dmul.o)
    0x000003e4   0x0000003e   Code   RO         3209    .text               mf_w.l(dfixi.o)
    0x00000422   0x0000001e   Code   RO         3227    .text               mc_w.l(llshl.o)
    0x00000440   0x00000020   Code   RO         3229    .text               mc_w.l(llushr.o)
    0x00000460   0x00000024   Code   RO         3231    .text               mc_w.l(llsshr.o)
    0x00000484   0x000000ba   Code   RO         3238    .text               mf_w.l(depilogue.o)
    0x0000053e   0x00000002   PAD
    0x00000540   0x00000024   Code   RO         3240    .text               mc_w.l(init.o)
    0x00000564   0x00000056   Code   RO         3250    .text               mc_w.l(__dczerorl2.o)
    0x000005ba   0x00000002   PAD
    0x000005bc   0x000000e8   Code   RO          326    UCOSII_ASM          os_cpu_a.o
    0x000006a4   0x000000f8   Code   RO         2411    i.ASCII_To_HEX      calculator.o
    0x0000079c   0x0000002a   Code   RO         2413    i.AscToHexStr       calculator.o
    0x000007c6   0x00000028   Code   RO         2414    i.BCD_To_HEX        calculator.o
    0x000007ee   0x00000002   PAD
    0x000007f0   0x000001f8   Code   RO         1427    i.BMSMain           bms.o
    0x000009e8   0x0000010c   Code   RO         1429    i.BMS_BCL           bms.o
    0x00000af4   0x00000048   Code   RO         1430    i.BMS_BCP           bms.o
    0x00000b3c   0x00000054   Code   RO         1431    i.BMS_BCP_DATA_01   bms.o
    0x00000b90   0x0000008c   Code   RO         1432    i.BMS_BCP_DATA_02   bms.o
    0x00000c1c   0x00000048   Code   RO         1433    i.BMS_BCS           bms.o
    0x00000c64   0x000000ac   Code   RO         1434    i.BMS_BCS_Data_01   bms.o
    0x00000d10   0x00000040   Code   RO         1435    i.BMS_BCS_Data_02   bms.o
    0x00000d50   0x0000003c   Code   RO         1436    i.BMS_BEM           bms.o
    0x00000d8c   0x00000030   Code   RO         1437    i.BMS_BHM           bms.o
    0x00000dbc   0x00000048   Code   RO         1440    i.BMS_BRM           bms.o
    0x00000e04   0x00000074   Code   RO         1441    i.BMS_BRM_Msg01     bms.o
    0x00000e78   0x00000048   Code   RO         1442    i.BMS_BRM_Msg02     bms.o
    0x00000ec0   0x0000004c   Code   RO         1443    i.BMS_BRM_Msg03     bms.o
    0x00000f0c   0x00000048   Code   RO         1444    i.BMS_BRM_Msg04     bms.o
    0x00000f54   0x00000048   Code   RO         1445    i.BMS_BRM_Msg05     bms.o
    0x00000f9c   0x00000048   Code   RO         1446    i.BMS_BRM_Msg06     bms.o
    0x00000fe4   0x0000003c   Code   RO         1447    i.BMS_BRM_Msg07     bms.o
    0x00001020   0x00000044   Code   RO         1448    i.BMS_BRO           bms.o
    0x00001064   0x00000050   Code   RO         1449    i.BMS_BSD           bms.o
    0x000010b4   0x00000040   Code   RO         1450    i.BMS_BSM           bms.o
    0x000010f4   0x00000030   Code   RO         1451    i.BMS_BST           bms.o
    0x00001124   0x00000094   Code   RO         1452    i.BMS_DATA_Packet_Analyse  bms.o
    0x000011b8   0x00000070   Code   RO         2802    i.CANRCV            can.o
    0x00001228   0x000000e4   Code   RO         2803    i.CANSend           can.o
    0x0000130c   0x000000a8   Code   RO         2804    i.CAN_IRQHandler    can.o
    0x000013b4   0x00000134   Code   RO         2805    i.CAN_Init          can.o
    0x000014e8   0x00000014   Code   RO         1454    i.CEM_Analyse       bms.o
    0x000014fc   0x00000014   Code   RO         1455    i.CHM_Analyse       bms.o
    0x00001510   0x00000040   Code   RO           68    i.CLKPWR_GetCLK     lpc177x_8x_clkpwr.o
    0x00001550   0x00000030   Code   RO         1456    i.CML_Analyse       bms.o
    0x00001580   0x00000038   Code   RO         1457    i.CRM_Analyse       bms.o
    0x000015b8   0x00000054   Code   RO         1458    i.CRO_Analyse       bms.o
    0x0000160c   0x0000001c   Code   RO         1459    i.CSD_Analyse       bms.o
    0x00001628   0x0000005c   Code   RO         1460    i.CST_Analyse       bms.o
    0x00001684   0x00000118   Code   RO         1462    i.Charger_RECData_Pro  bms.o
    0x0000179c   0x000000b4   Code   RO         1905    i.DetectGateway     ethernet.o
    0x00001850   0x0000000c   Code   RO         1639    i.DisplayMain       display.o
    0x0000185c   0x00000062   Code   RO         1641    i.DisplayText       display.o
    0x000018be   0x00000002   PAD
    0x000018c0   0x000002cc   Code   RO         1642    i.DisplayVariableValue  display.o
    0x00001b8c   0x00000190   Code   RO         2252    i.DownstreamCmdHandle  welink.o
    0x00001d1c   0x00000066   Code   RO         1644    i.Dwin_ChangeVariableValue_Frame1  display.o
    0x00001d82   0x00000072   Code   RO         1646    i.Dwin_ChangeVariableValue_FrameN  display.o
    0x00001df4   0x00000028   Code   RO         2253    i.ENETconnect       welink.o
    0x00001e1c   0x0000002c   Code   RO         2806    i.Enter_SWRst       can.o
    0x00001e48   0x0000000c   Code   RO         1906    i.EthernetReadByte  ethernet.o
    0x00001e54   0x0000000c   Code   RO         1907    i.EthernetSendByte  ethernet.o
    0x00001e60   0x0000001c   Code   RO         2941    i.ExRTCSet          rtc.o
    0x00001e7c   0x00000014   Code   RO         1749    i.Fdelay            fram.o
    0x00001e90   0x00000070   Code   RO         1750    i.FramRead          fram.o
    0x00001f00   0x00000050   Code   RO         1751    i.FramState         fram.o
    0x00001f50   0x000000d0   Code   RO         1752    i.FramWrite         fram.o
    0x00002020   0x000001e4   Code   RO         1702    i.FrameCheck_645_2007  meter.o
    0x00002204   0x000000ae   Code   RO         1703    i.FramePack_645_2007  meter.o
    0x000022b2   0x00000002   PAD
    0x000022b4   0x00000088   Code   RO         2562    i.GPIOInit          gpio.o
    0x0000233c   0x00000018   Code   RO         2418    i.HEX_To_BCD        calculator.o
    0x00002354   0x00000054   Code   RO         2254    i.HardwareSendData  welink.o
    0x000023a8   0x00000038   Code   RO         2419    i.HexToAscStr       calculator.o
    0x000023e0   0x00000038   Code   RO         1908    i.LoopBack          ethernet.o
    0x00002418   0x00000118   Code   RO         1704    i.MeterMain         meter.o
    0x00002530   0x00000080   Code   RO         2255    i.MsaLogin          welink.o
    0x000025b0   0x0000002c   Code   RO         2422    i.NBCD_To_HEX_L     calculator.o
    0x000025dc   0x00000016   Code   RO         2624    i.NVIC_EnableIRQ    uart.o
    0x000025f2   0x0000000c   Code   RO         1909    i.Ndelay            ethernet.o
    0x000025fe   0x00000002   PAD
    0x00002600   0x0000015c   Code   RO         1158    i.OSDebugInit       os_dbg_r.o
    0x0000275c   0x00000050   Code   RO          510    i.OSEventNameSet    os_core.o
    0x000027ac   0x00000038   Code   RO          512    i.OSInit            os_core.o
    0x000027e4   0x0000000c   Code   RO          330    i.OSInitHookBegin   os_cpu_c.o
    0x000027f0   0x0000008c   Code   RO          514    i.OSIntExit         os_core.o
    0x0000287c   0x00000038   Code   RO          515    i.OSSchedLock       os_core.o
    0x000028b4   0x00000054   Code   RO          516    i.OSSchedUnlock     os_core.o
    0x00002908   0x00000050   Code   RO         1055    i.OSSemCreate       os_sem.o
    0x00002958   0x000000e0   Code   RO         1057    i.OSSemPend         os_sem.o
    0x00002a38   0x0000004e   Code   RO         1059    i.OSSemPost         os_sem.o
    0x00002a86   0x00000002   PAD
    0x00002a88   0x00000048   Code   RO          517    i.OSStart           os_core.o
    0x00002ad0   0x00000040   Code   RO          518    i.OSStatInit        os_core.o
    0x00002b10   0x00000090   Code   RO         1272    i.OSTaskCreate      os_task.o
    0x00002ba0   0x000000a4   Code   RO         1273    i.OSTaskCreateExt   os_task.o
    0x00002c44   0x00000002   Code   RO          333    i.OSTaskCreateHook  os_cpu_c.o
    0x00002c46   0x00000002   Code   RO          335    i.OSTaskIdleHook    os_cpu_c.o
    0x00002c48   0x00000064   Code   RO         1277    i.OSTaskNameSet     os_task.o
    0x00002cac   0x00000002   Code   RO          336    i.OSTaskStatHook    os_cpu_c.o
    0x00002cae   0x00000002   PAD
    0x00002cb0   0x00000080   Code   RO         1282    i.OSTaskStkChk      os_task.o
    0x00002d30   0x0000009a   Code   RO          337    i.OSTaskStkInit     os_cpu_c.o
    0x00002dca   0x00000002   PAD
    0x00002dcc   0x0000009c   Code   RO         1283    i.OSTaskSuspend     os_task.o
    0x00002e68   0x00000002   Code   RO          338    i.OSTaskSwHook      os_cpu_c.o
    0x00002e6a   0x00000002   PAD
    0x00002e6c   0x00000074   Code   RO         1112    i.OSTimeDly         os_time.o
    0x00002ee0   0x00000060   Code   RO         1113    i.OSTimeDlyHMSM     os_time.o
    0x00002f40   0x000000e0   Code   RO          519    i.OSTimeTick        os_core.o
    0x00003020   0x00000024   Code   RO          339    i.OSTimeTickHook    os_cpu_c.o
    0x00003044   0x00000014   Code   RO         1181    i.OSTmrSignal       os_tmr.o
    0x00003058   0x000000f4   Code   RO         1187    i.OSTmr_Init        os_tmr.o
    0x0000314c   0x00000050   Code   RO         1188    i.OSTmr_InitTask    os_tmr.o
    0x0000319c   0x0000006c   Code   RO         1189    i.OSTmr_Link        os_tmr.o
    0x00003208   0x00000080   Code   RO         1190    i.OSTmr_Task        os_tmr.o
    0x00003288   0x00000044   Code   RO         1191    i.OSTmr_Unlink      os_tmr.o
    0x000032cc   0x00000090   Code   RO          522    i.OS_EventTaskRdy   os_core.o
    0x0000335c   0x0000002a   Code   RO          523    i.OS_EventTaskRemove  os_core.o
    0x00003386   0x0000003a   Code   RO          524    i.OS_EventTaskRemoveMulti  os_core.o
    0x000033c0   0x0000007c   Code   RO          525    i.OS_EventTaskWait  os_core.o
    0x0000343c   0x0000001c   Code   RO          527    i.OS_EventWaitListInit  os_core.o
    0x00003458   0x00000058   Code   RO          737    i.OS_FlagInit       os_flag.o
    0x000034b0   0x00000060   Code   RO          528    i.OS_InitEventList  os_core.o
    0x00003510   0x00000054   Code   RO          529    i.OS_InitMisc       os_core.o
    0x00003564   0x00000044   Code   RO          530    i.OS_InitRdyList    os_core.o
    0x000035a8   0x00000080   Code   RO          531    i.OS_InitTCBList    os_core.o
    0x00003628   0x00000050   Code   RO          532    i.OS_InitTaskIdle   os_core.o
    0x00003678   0x00000050   Code   RO          533    i.OS_InitTaskStat   os_core.o
    0x000036c8   0x00000012   Code   RO          534    i.OS_MemClr         os_core.o
    0x000036da   0x00000002   PAD
    0x000036dc   0x00000058   Code   RO          881    i.OS_MemInit        os_mem.o
    0x00003734   0x00000050   Code   RO          988    i.OS_QInit          os_q.o
    0x00003784   0x00000070   Code   RO          536    i.OS_Sched          os_core.o
    0x000037f4   0x0000002c   Code   RO          537    i.OS_SchedNew       os_core.o
    0x00003820   0x00000128   Code   RO          539    i.OS_TCBInit        os_core.o
    0x00003948   0x00000020   Code   RO          540    i.OS_TaskIdle       os_core.o
    0x00003968   0x00000084   Code   RO          541    i.OS_TaskStat       os_core.o
    0x000039ec   0x0000003c   Code   RO          542    i.OS_TaskStatStkChk  os_core.o
    0x00003a28   0x0000001a   Code   RO         1285    i.OS_TaskStkClr     os_task.o
    0x00003a42   0x000000ee   Code   RO         2494    i.Print             print.o
    0x00003b30   0x00000034   Code   RO         2495    i.PrintBIN          print.o
    0x00003b64   0x0000000c   Code   RO         2496    i.PrintCH           print.o
    0x00003b70   0x0000002c   Code   RO         2497    i.PrintDEC          print.o
    0x00003b9c   0x0000005c   Code   RO         2498    i.PrintFLT          print.o
    0x00003bf8   0x00000054   Code   RO         2499    i.PrintHEX          print.o
    0x00003c4c   0x00000016   Code   RO         2500    i.PrintSTR          print.o
    0x00003c62   0x00000002   PAD
    0x00003c64   0x00000030   Code   RO         2807    i.Quit_SWRst        can.o
    0x00003c94   0x000000d0   Code   RO         2942    i.RTCInit           rtc.o
    0x00003d64   0x00000160   Code   RO         2943    i.RTC_IRQHandler    rtc.o
    0x00003ec4   0x00000014   Code   RO         2256    i.ReConnectMSA      welink.o
    0x00003ed8   0x00000468   Code   RO         1647    i.ReadDataProcess   display.o
    0x00004340   0x00000134   Code   RO         1910    i.ReadSocketDataToBuffer  ethernet.o
    0x00004474   0x0000006c   Code   RO         1911    i.ReadSocket_1Byte  ethernet.o
    0x000044e0   0x00000078   Code   RO         1912    i.ReadSocket_2Byte  ethernet.o
    0x00004558   0x0000001e   Code   RO         1913    i.Read_IR           ethernet.o
    0x00004576   0x00000002   PAD
    0x00004578   0x00000074   Code   RO         1914    i.Read_W5500        ethernet.o
    0x000045ec   0x00000074   Code   RO         2257    i.RecvDataHandle    welink.o
    0x00004660   0x00000078   Code   RO         2877    i.SSP0_Init         ssp.o
    0x000046d8   0x00000050   Code   RO         2878    i.SSP0_ReadData     ssp.o
    0x00004728   0x00000028   Code   RO         2879    i.SSP0_SendData     ssp.o
    0x00004750   0x00000090   Code   RO         2883    i.SSP2_Init         ssp.o
    0x000047e0   0x00000050   Code   RO         2884    i.SSP2_ReadData     ssp.o
    0x00004830   0x00000028   Code   RO         2885    i.SSP2_SendData     ssp.o
    0x00004858   0x00000068   Code   RO         2258    i.SendDataHandle    welink.o
    0x000048c0   0x00000046   Code   RO         1915    i.SocketConnect     ethernet.o
    0x00004906   0x00000002   PAD
    0x00004908   0x00000058   Code   RO         1916    i.Socketn_Config    ethernet.o
    0x00004960   0x000000f4   Code   RO         1917    i.SysLinkParaInit   ethernet.o
    0x00004a54   0x000000cc   Code   RO           25    i.SystemInit        system_lpc177x_8x.o
    0x00004b20   0x00000034   Code   RO         1371    i.SystemParameterInit  main.o
    0x00004b54   0x00000058   Code   RO         2979    i.TIMER0_IRQHandler  timer.o
    0x00004bac   0x0000007c   Code   RO         2980    i.Timer0Init        timer.o
    0x00004c28   0x00000080   Code   RO         2625    i.UART0Init         uart.o
    0x00004ca8   0x00000030   Code   RO         2626    i.UART0RxbufClear   uart.o
    0x00004cd8   0x00000018   Code   RO         2627    i.UART0SendByte     uart.o
    0x00004cf0   0x0000013c   Code   RO         2629    i.UART0_IRQHandler  uart.o
    0x00004e2c   0x00000094   Code   RO         2630    i.UART1Init         uart.o
    0x00004ec0   0x00000030   Code   RO         2631    i.UART1RxbufClear   uart.o
    0x00004ef0   0x00000018   Code   RO         2632    i.UART1SendByte     uart.o
    0x00004f08   0x0000001a   Code   RO         2633    i.UART1SendStr      uart.o
    0x00004f22   0x00000002   PAD
    0x00004f24   0x0000013c   Code   RO         2634    i.UART1_IRQHandler  uart.o
    0x00005060   0x000000a0   Code   RO         2635    i.UART2Init         uart.o
    0x00005100   0x00000030   Code   RO         2636    i.UART2RxbufClear   uart.o
    0x00005130   0x00000018   Code   RO         2637    i.UART2SendByte     uart.o
    0x00005148   0x00000068   Code   RO         2638    i.UART2SendStr      uart.o
    0x000051b0   0x0000013c   Code   RO         2639    i.UART2_IRQHandler  uart.o
    0x000052ec   0x00000094   Code   RO         2640    i.UART3Init         uart.o
    0x00005380   0x00000030   Code   RO         2641    i.UART3RxbufClear   uart.o
    0x000053b0   0x0000013c   Code   RO         2644    i.UART3_IRQHandler  uart.o
    0x000054ec   0x00000094   Code   RO         2645    i.UART4Init         uart.o
    0x00005580   0x00000030   Code   RO         2646    i.UART4RxbufClear   uart.o
    0x000055b0   0x00000144   Code   RO         2649    i.UART4_IRQHandler  uart.o
    0x000056f4   0x000001c0   Code   RO         2259    i.UpstreamCmdHandle  welink.o
    0x000058b4   0x0000015c   Code   RO         1918    i.W5500Init         ethernet.o
    0x00005a10   0x000000d4   Code   RO         1919    i.W5500LoadParameters  ethernet.o
    0x00005ae4   0x000000a8   Code   RO         1920    i.W5500SocketRXD    ethernet.o
    0x00005b8c   0x0000002c   Code   RO         1921    i.W5500_Initialization  ethernet.o
    0x00005bb8   0x00000038   Code   RO         2261    i.WelinkMain        welink.o
    0x00005bf0   0x0000006c   Code   RO         2808    i.WriteCAN0         can.o
    0x00005c5c   0x00000124   Code   RO         1922    i.WriteSocketDataToBuffer  ethernet.o
    0x00005d80   0x0000006c   Code   RO         1923    i.WriteSocket_1Byte  ethernet.o
    0x00005dec   0x00000074   Code   RO         1924    i.WriteSocket_2Byte  ethernet.o
    0x00005e60   0x00000084   Code   RO         1925    i.WriteSocket_4Byte  ethernet.o
    0x00005ee4   0x00000074   Code   RO         1926    i.Write_W5500       ethernet.o
    0x00005f58   0x0000000e   Code   RO         3244    i.__scatterload_copy  mc_w.l(handlers.o)
    0x00005f66   0x00000002   Code   RO         3245    i.__scatterload_null  mc_w.l(handlers.o)
    0x00005f68   0x0000000e   Code   RO         3246    i.__scatterload_zeroinit  mc_w.l(handlers.o)
    0x00005f76   0x00000006   Code   RO         2058    i.cmd_02_upload     link .o
    0x00005f7c   0x00000006   Code   RO         2059    i.cmd_04_upload     link .o
    0x00005f82   0x00000002   PAD
    0x00005f84   0x00000058   Code   RO         2060    i.cmd_06_upload     link .o
    0x00005fdc   0x00000050   Code   RO         2061    i.cmd_08_upload     link .o
    0x0000602c   0x00000010   Code   RO         2062    i.cmd_101_proess    link .o
    0x0000603c   0x0000006c   Code   RO         2063    i.cmd_102_upload    link .o
    0x000060a8   0x00000012   Code   RO         2064    i.cmd_103_proess    link .o
    0x000060ba   0x00000002   PAD
    0x000060bc   0x000001f4   Code   RO         2065    i.cmd_104_upload    link .o
    0x000062b0   0x00000024   Code   RO         2066    i.cmd_105_proess    link .o
    0x000062d4   0x00000214   Code   RO         2067    i.cmd_106_upload    link .o
    0x000064e8   0x00000002   Code   RO         2068    i.cmd_107_proess    link .o
    0x000064ea   0x00000006   Code   RO         2069    i.cmd_108_upload    link .o
    0x000064f0   0x00000002   Code   RO         2070    i.cmd_109_proess    link .o
    0x000064f2   0x00000006   Code   RO         2071    i.cmd_10_upload     link .o
    0x000064f8   0x00000006   Code   RO         2072    i.cmd_110_upload    link .o
    0x000064fe   0x00000002   Code   RO         2073    i.cmd_1_proess      link .o
    0x00006500   0x00000002   Code   RO         2074    i.cmd_201_proess    link .o
    0x00006502   0x00000002   PAD
    0x00006504   0x000001a8   Code   RO         2075    i.cmd_202_upload    link .o
    0x000066ac   0x00000002   Code   RO         2076    i.cmd_203_proess    link .o
    0x000066ae   0x00000006   Code   RO         2077    i.cmd_204_upload    link .o
    0x000066b4   0x00000002   Code   RO         2078    i.cmd_205_proess    link .o
    0x000066b6   0x00000006   Code   RO         2079    i.cmd_206_upload    link .o
    0x000066bc   0x00000092   Code   RO         2080    i.cmd_3_proess      link .o
    0x0000674e   0x00000002   Code   RO         2081    i.cmd_3_query_2_proess  link .o
    0x00006750   0x00000002   Code   RO         2082    i.cmd_3_setup_2_proess  link .o
    0x00006752   0x00000002   Code   RO         2083    i.cmd_5_proess      link .o
    0x00006754   0x00000002   Code   RO         2084    i.cmd_7_proess      link .o
    0x00006756   0x00000002   Code   RO         2085    i.cmd_9_proess      link .o
    0x00006758   0x00000050   Code   RO         3173    i.free              mc_w.l(malloc.o)
    0x000067a8   0x00000070   Code   RO         1372    i.main              main.o
    0x00006818   0x0000006c   Code   RO         3174    i.malloc            mc_w.l(malloc.o)
    0x00006884   0x00000034   Code   RO         1373    i.taskBMS           main.o
    0x000068b8   0x00000014   Code   RO         1374    i.taskDisplay       main.o
    0x000068cc   0x00000014   Code   RO         1375    i.taskMeter         main.o
    0x000068e0   0x00000064   Code   RO         1376    i.taskStart         main.o
    0x00006944   0x0000000a   Code   RO         1377    i.taskWelink        main.o
    0x0000694e   0x00000002   PAD
    0x00006950   0x00000024   Code   RO          340    i.tickISRHandler    os_cpu_c.o
    0x00006974   0x00000064   Code   RO          341    i.tick_init         os_cpu_c.o
    0x000069d8   0x00000100   Data   RO          544    .constdata          os_core.o
    0x00006ad8   0x00000074   Data   RO         1159    .constdata          os_dbg_r.o
    0x00006b4c   0x0000000c   Data   RO         1706    .constdata          meter.o
    0x00006b58   0x00000020   Data   RO         3242    Region$$Table       anon$$obj.o


    Execution Region RW_IRAM1 (Base: 0x10000000, Size: 0x00007048, Max: 0x00010000, ABSOLUTE, COMPRESSED[0x0000006c])

    Base Addr    Size         Type   Attr      Idx    E Section Name        Object

    0x10000000   0x00000010   Data   RW           26    .data               system_lpc177x_8x.o
    0x10000010   0x00000006   Data   RW          342    .data               os_cpu_c.o
    0x10000016   0x00000002   PAD
    0x10000018   0x00000060   Data   RW          545    .data               os_core.o
    0x10000078   0x00000004   Data   RW         1379    .data               main.o
    0x1000007c   0x00000008   Data   RW         1464    .data               bms.o
    0x10000084   0x0000006b   Data   RW         1649    .data               display.o
    0x100000ef   0x00000001   PAD
    0x100000f0   0x00000002   Data   RW         1707    .data               meter.o
    0x100000f2   0x00000002   PAD
    0x100000f4   0x00000044   Data   RW         1928    .data               ethernet.o
    0x10000138   0x00000002   Data   RW         2086    .data               link .o
    0x1000013a   0x00000002   PAD
    0x1000013c   0x00000016   Data   RW         2263    .data               welink.o
    0x10000152   0x00000002   PAD
    0x10000154   0x0000004d   Data   RW         2651    .data               uart.o
    0x100001a1   0x00000003   PAD
    0x100001a4   0x00000014   Data   RW         2811    .data               can.o
    0x100001b8   0x00000025   Data   RW         2944    .data               rtc.o
    0x100001dd   0x00000001   Data   RW         2981    .data               timer.o
    0x100001de   0x00000002   PAD
    0x100001e0   0x00000004   Data   RW         3163    .data               mc_w.l(rand.o)
    0x100001e4   0x00000004   Data   RW         3233    .data               mc_w.l(mvars.o)
    0x100001e8   0x00000004   Data   RW         3234    .data               mc_w.l(mvars.o)
    0x100001ec   0x00001368   Zero   RW          543    .bss                os_core.o
    0x10001554   0x00002720   Zero   RW         1378    .bss                main.o
    0x10003c74   0x0000002c   Zero   RW         1463    .bss                bms.o
    0x10003ca0   0x00000074   Zero   RW         1648    .bss                display.o
    0x10003d14   0x00000430   Zero   RW         1705    .bss                meter.o
    0x10004144   0x00000200   Zero   RW         1927    .bss                ethernet.o
    0x10004344   0x00000280   Zero   RW         2262    .bss                welink.o
    0x100045c4   0x00002800   Zero   RW         2650    .bss                uart.o
    0x10006dc4   0x00000080   Zero   RW         2810    .bss                can.o
    0x10006e44   0x00000004   PAD
    0x10006e48   0x00000000   Zero   RW            2    HEAP                startup_lpc177x_8x.o
    0x10006e48   0x00000200   Zero   RW            1    STACK               startup_lpc177x_8x.o


    Execution Region RW_IRAM2 (Base: 0x20000000, Size: 0x00000000, Max: 0x00008000, ABSOLUTE)

    **** No section assigned to this execution region ****


==============================================================================

Image component sizes


      Code (inc. data)   RO Data    RW Data    ZI Data      Debug   Object Name

      3136        428          0          8         44      16230   bms.o
       454          0          0          0          0       4385   calculator.o
      1016         82          0         20        128       6725   can.o
         0          0          0          0          0       4508   core_cm3.o
      2170        160          0        107        116       8441   display.o
      2892        152          0         68        512      22495   ethernet.o
       420         14          0          0          0       2672   fram.o
       136          4          0          0          0        451   gpio.o
      2012         70          0          2          0      17165   link .o
        64         18          0          0          0      23113   lpc177x_8x_clkpwr.o
       366         76          0          4      10016       4829   main.o
       938         38         12          2       1072       3862   meter.o
      2402        424        256         96       4968      23734   os_core.o
       232         40          0          0          0        348   os_cpu_a.o
       350         26          0          6          0      31355   os_cpu_c.o
       348        230        116          0          0       3398   os_dbg_r.o
        88         14          0          0          0       9145   os_flag.o
        88         14          0          0          0        529   os_mem.o
        80          8          0          0          0        551   os_q.o
       382         26          0          0          0       2270   os_sem.o
       718         64          0          0          0       5156   os_task.o
       212         32          0          0          0       1344   os_time.o
       648        138          0          0          0       3795   os_tmr.o
       544         14          0          0          0       4385   print.o
       588         80          0         37          0      19449   rtc.o
       504         46          0          0          0       2848   ssp.o
        36         12        228          0        512        988   startup_lpc177x_8x.o
       204         16          0         16          0        917   system_lpc177x_8x.o
       212         24          0          1          0       1133   timer.o
      2784        280          0         77      10240      29502   uart.o
      1396        102          0         22        640       7781   welink.o

    ----------------------------------------------------------------------
     25454       2632        644        480      28252     263504   Object Totals
         0          0         32          0          0          0   (incl. Generated)
        34          0          0         14          4          0   (incl. Padding)

    ----------------------------------------------------------------------

      Code (inc. data)   RO Data    RW Data    ZI Data      Debug   Library Member Name

        86          0          0          0          0          0   __dczerorl2.o
         0          0          0          0          0          0   entry.o
         0          0          0          0          0          0   entry10a.o
         0          0          0          0          0          0   entry11a.o
         8          4          0          0          0          0   entry2.o
         4          0          0          0          0          0   entry5.o
         0          0          0          0          0          0   entry7b.o
         0          0          0          0          0          0   entry8b.o
         8          4          0          0          0          0   entry9a.o
        30          0          0          0          0          0   handlers.o
        36          8          0          0          0         68   init.o
         0          0          0          0          0          0   iusefp.o
        30          0          0          0          0         68   llshl.o
        36          0          0          0          0         68   llsshr.o
        32          0          0          0          0         68   llushr.o
       188         20          0          0          0        160   malloc.o
        36          0          0          0          0         68   memcpya.o
        36          0          0          0          0        108   memseta.o
         0          0          0          8          0          0   mvars.o
        36         10          0          4          0        136   rand.o
       334          0          0          0          0        148   dadd.o
       186          0          0          0          0        176   depilogue.o
        62          0          0          0          0         80   dfixi.o
        34          0          0          0          0         76   dflti.o
       228          0          0          0          0         96   dmul.o

    ----------------------------------------------------------------------
      1414         46          0         12          0       1320   Library Totals
         4          0          0          0          0          0   (incl. Padding)

    ----------------------------------------------------------------------

      Code (inc. data)   RO Data    RW Data    ZI Data      Debug   Library Name

       566         46          0         12          0        744   mc_w.l
       844          0          0          0          0        576   mf_w.l

    ----------------------------------------------------------------------
      1414         46          0         12          0       1320   Library Totals

    ----------------------------------------------------------------------

==============================================================================


      Code (inc. data)   RO Data    RW Data    ZI Data      Debug   

     26868       2678        644        492      28252     253044   Grand Totals
     26868       2678        644        108      28252     253044   ELF Image Totals (compressed)
     26868       2678        644        108          0          0   ROM Totals

==============================================================================

    Total RO  Size (Code + RO Data)                27512 (  26.87kB)
    Total RW  Size (RW Data + ZI Data)             28744 (  28.07kB)
    Total ROM Size (Code + RO Data + RW Data)      27620 (  26.97kB)

==============================================================================

